Archive member included to satisfy reference by file (symbol)

/home/leandro/Documentos/GitHub/TallerV-2024-2s-/PeripheralsDrivers/Debug/libPeripheralsDrivers.a(adc_driver_hal.o)
                              ./Src/main.o (adc_ConfigSingleChannel)
/home/leandro/Documentos/GitHub/TallerV-2024-2s-/PeripheralsDrivers/Debug/libPeripheralsDrivers.a(exti_driver_hal.o)
                              ./Src/main.o (exti_Config)
/home/leandro/Documentos/GitHub/TallerV-2024-2s-/PeripheralsDrivers/Debug/libPeripheralsDrivers.a(gpio_driver_hal.o)
                              ./Src/main.o (gpio_Config)
/home/leandro/Documentos/GitHub/TallerV-2024-2s-/PeripheralsDrivers/Debug/libPeripheralsDrivers.a(timer_driver_hal.o)
                              ./Src/main.o (timer_Config)
/home/leandro/Documentos/GitHub/TallerV-2024-2s-/PeripheralsDrivers/Debug/libPeripheralsDrivers.a(usart_driver_hal.o)
                              ./Src/main.o (usart_Config)
/home/leandro/st/stm32cubeide_1.10.1/plugins/com.st.stm32cube.ide.mcu.externaltools.gnu-tools-for-stm32.12.3.rel1.linux64_1.0.200.202406132123/tools/bin/../lib/gcc/arm-none-eabi/12.3.1/../../../../arm-none-eabi/lib/thumb/v7e-m/nofp/libc_nano.a(libc_a-exit.o)
                              /home/leandro/st/stm32cubeide_1.10.1/plugins/com.st.stm32cube.ide.mcu.externaltools.gnu-tools-for-stm32.12.3.rel1.linux64_1.0.200.202406132123/tools/bin/../lib/gcc/arm-none-eabi/12.3.1/../../../../arm-none-eabi/lib/thumb/v7e-m/nofp/crt0.o (exit)
/home/leandro/st/stm32cubeide_1.10.1/plugins/com.st.stm32cube.ide.mcu.externaltools.gnu-tools-for-stm32.12.3.rel1.linux64_1.0.200.202406132123/tools/bin/../lib/gcc/arm-none-eabi/12.3.1/../../../../arm-none-eabi/lib/thumb/v7e-m/nofp/libc_nano.a(libc_a-nano-vfprintf_float.o)
                              (_printf_float)
/home/leandro/st/stm32cubeide_1.10.1/plugins/com.st.stm32cube.ide.mcu.externaltools.gnu-tools-for-stm32.12.3.rel1.linux64_1.0.200.202406132123/tools/bin/../lib/gcc/arm-none-eabi/12.3.1/../../../../arm-none-eabi/lib/thumb/v7e-m/nofp/libc_nano.a(libc_a-nano-vfprintf_i.o)
                              /home/leandro/st/stm32cubeide_1.10.1/plugins/com.st.stm32cube.ide.mcu.externaltools.gnu-tools-for-stm32.12.3.rel1.linux64_1.0.200.202406132123/tools/bin/../lib/gcc/arm-none-eabi/12.3.1/../../../../arm-none-eabi/lib/thumb/v7e-m/nofp/libc_nano.a(libc_a-nano-vfprintf_float.o) (_printf_common)
/home/leandro/st/stm32cubeide_1.10.1/plugins/com.st.stm32cube.ide.mcu.externaltools.gnu-tools-for-stm32.12.3.rel1.linux64_1.0.200.202406132123/tools/bin/../lib/gcc/arm-none-eabi/12.3.1/../../../../arm-none-eabi/lib/thumb/v7e-m/nofp/libc_nano.a(libc_a-nano-vfscanf_float.o)
                              (_scanf_float)
/home/leandro/st/stm32cubeide_1.10.1/plugins/com.st.stm32cube.ide.mcu.externaltools.gnu-tools-for-stm32.12.3.rel1.linux64_1.0.200.202406132123/tools/bin/../lib/gcc/arm-none-eabi/12.3.1/../../../../arm-none-eabi/lib/thumb/v7e-m/nofp/libc_nano.a(libc_a-findfp.o)
                              /home/leandro/st/stm32cubeide_1.10.1/plugins/com.st.stm32cube.ide.mcu.externaltools.gnu-tools-for-stm32.12.3.rel1.linux64_1.0.200.202406132123/tools/bin/../lib/gcc/arm-none-eabi/12.3.1/../../../../arm-none-eabi/lib/thumb/v7e-m/nofp/libc_nano.a(libc_a-exit.o) (__stdio_exit_handler)
/home/leandro/st/stm32cubeide_1.10.1/plugins/com.st.stm32cube.ide.mcu.externaltools.gnu-tools-for-stm32.12.3.rel1.linux64_1.0.200.202406132123/tools/bin/../lib/gcc/arm-none-eabi/12.3.1/../../../../arm-none-eabi/lib/thumb/v7e-m/nofp/libc_nano.a(libc_a-fwalk.o)
                              /home/leandro/st/stm32cubeide_1.10.1/plugins/com.st.stm32cube.ide.mcu.externaltools.gnu-tools-for-stm32.12.3.rel1.linux64_1.0.200.202406132123/tools/bin/../lib/gcc/arm-none-eabi/12.3.1/../../../../arm-none-eabi/lib/thumb/v7e-m/nofp/libc_nano.a(libc_a-findfp.o) (_fwalk_sglue)
/home/leandro/st/stm32cubeide_1.10.1/plugins/com.st.stm32cube.ide.mcu.externaltools.gnu-tools-for-stm32.12.3.rel1.linux64_1.0.200.202406132123/tools/bin/../lib/gcc/arm-none-eabi/12.3.1/../../../../arm-none-eabi/lib/thumb/v7e-m/nofp/libc_nano.a(libc_a-sprintf.o)
                              ./Src/main.o (sprintf)
/home/leandro/st/stm32cubeide_1.10.1/plugins/com.st.stm32cube.ide.mcu.externaltools.gnu-tools-for-stm32.12.3.rel1.linux64_1.0.200.202406132123/tools/bin/../lib/gcc/arm-none-eabi/12.3.1/../../../../arm-none-eabi/lib/thumb/v7e-m/nofp/libc_nano.a(libc_a-stdio.o)
                              /home/leandro/st/stm32cubeide_1.10.1/plugins/com.st.stm32cube.ide.mcu.externaltools.gnu-tools-for-stm32.12.3.rel1.linux64_1.0.200.202406132123/tools/bin/../lib/gcc/arm-none-eabi/12.3.1/../../../../arm-none-eabi/lib/thumb/v7e-m/nofp/libc_nano.a(libc_a-findfp.o) (__sread)
/home/leandro/st/stm32cubeide_1.10.1/plugins/com.st.stm32cube.ide.mcu.externaltools.gnu-tools-for-stm32.12.3.rel1.linux64_1.0.200.202406132123/tools/bin/../lib/gcc/arm-none-eabi/12.3.1/../../../../arm-none-eabi/lib/thumb/v7e-m/nofp/libc_nano.a(libc_a-memset.o)
[...]
Memory Configuration

Name             Origin             Length             Attributes
RAM              0x20000000         0x00020000         xrw
FLASH            0x08000000         0x00080000         xr
*default*        0x00000000         0xffffffff

Linker script and memory map

LOAD /home/leandro/st/stm32cubeide_1.10.1/plugins/com.st.stm32cube.ide.mcu.externaltools.gnu-tools-for-stm32.12.3.rel1.linux64_1.0.200.202406132123/tools/bin/../lib/gcc/arm-none-eabi/12.3.1/thumb/v7e-m/nofp/crti.o
LOAD /home/leandro/st/stm32cubeide_1.10.1/plugins/com.st.stm32cube.ide.mcu.externaltools.gnu-tools-for-stm32.12.3.rel1.linux64_1.0.200.202406132123/tools/bin/../lib/gcc/arm-none-eabi/12.3.1/thumb/v7e-m/nofp/crtbegin.o
LOAD /home/leandro/st/stm32cubeide_1.10.1/plugins/com.st.stm32cube.ide.mcu.externaltools.gnu-tools-for-stm32.12.3.rel1.linux64_1.0.200.202406132123/tools/bin/../lib/gcc/arm-none-eabi/12.3.1/../../../../arm-none-eabi/lib/thumb/v7e-m/nofp/crt0.o
LOAD ./Src/main.o
LOAD ./Src/syscalls.o
LOAD ./Src/sysmem.o
LOAD ./Startup/startup_stm32f411retx.o
LOAD /home/leandro/Documentos/GitHub/TallerV-2024-2s-/PeripheralsDrivers/Debug/libPeripheralsDrivers.a
START GROUP
LOAD /home/leandro/st/stm32cubeide_1.10.1/plugins/com.st.stm32cube.ide.mcu.externaltools.gnu-tools-for-stm32.12.3.rel1.linux64_1.0.200.202406132123/tools/bin/../lib/gcc/arm-none-eabi/12.3.1/../../../../arm-none-eabi/lib/thumb/v7e-m/nofp/libc_nano.a
LOAD /home/leandro/st/stm32cubeide_1.10.1/plugins/com.st.stm32cube.ide.mcu.externaltools.gnu-tools-for-stm32.12.3.rel1.linux64_1.0.200.202406132123/tools/bin/../lib/gcc/arm-none-eabi/12.3.1/../../../../arm-none-eabi/lib/thumb/v7e-m/nofp/libm.a
END GROUP
START GROUP
LOAD /home/leandro/st/stm32cubeide_1.10.1/plugins/com.st.stm32cube.ide.mcu.externaltools.gnu-tools-for-stm32.12.3.rel1.linux64_1.0.200.202406132123/tools/bin/../lib/gcc/arm-none-eabi/12.3.1/thumb/v7e-m/nofp/libgcc.a
LOAD /home/leandro/st/stm32cubeide_1.10.1/plugins/com.st.stm32cube.ide.mcu.externaltools.gnu-tools-for-stm32.12.3.rel1.linux64_1.0.200.202406132123/tools/bin/../lib/gcc/arm-none-eabi/12.3.1/../../../../arm-none-eabi/lib/thumb/v7e-m/nofp/libc_nano.a
END GROUP
START GROUP
LOAD /home/leandro/st/stm32cubeide_1.10.1/plugins/com.st.stm32cube.ide.mcu.externaltools.gnu-tools-for-stm32.12.3.rel1.linux64_1.0.200.202406132123/tools/bin/../lib/gcc/arm-none-eabi/12.3.1/thumb/v7e-m/nofp/libgcc.a
LOAD /home/leandro/st/stm32cubeide_1.10.1/plugins/com.st.stm32cube.ide.mcu.externaltools.gnu-tools-for-stm32.12.3.rel1.linux64_1.0.200.202406132123/tools/bin/../lib/gcc/arm-none-eabi/12.3.1/../../../../arm-none-eabi/lib/thumb/v7e-m/nofp/libc_nano.a
LOAD /home/leandro/st/stm32cubeide_1.10.1/plugins/com.st.stm32cube.ide.mcu.externaltools.gnu-tools-for-stm32.12.3.rel1.linux64_1.0.200.202406132123/tools/bin/../lib/gcc/arm-none-eabi/12.3.1/../../../../arm-none-eabi/lib/thumb/v7e-m/nofp/libnosys.a
END GROUP
START GROUP
LOAD /home/leandro/st/stm32cubeide_1.10.1/plugins/com.st.stm32cube.ide.mcu.externaltools.gnu-tools-for-stm32.12.3.rel1.linux64_1.0.200.202406132123/tools/bin/../lib/gcc/arm-none-eabi/12.3.1/thumb/v7e-m/nofp/libgcc.a
LOAD /home/leandro/st/stm32cubeide_1.10.1/plugins/com.st.stm32cube.ide.mcu.externaltools.gnu-tools-for-stm32.12.3.rel1.linux64_1.0.200.202406132123/tools/bin/../lib/gcc/arm-none-eabi/12.3.1/../../../../arm-none-eabi/lib/thumb/v7e-m/nofp/libc_nano.a
LOAD /home/leandro/st/stm32cubeide_1.10.1/plugins/com.st.stm32cube.ide.mcu.externaltools.gnu-tools-for-stm32.12.3.rel1.linux64_1.0.200.202406132123/tools/bin/../lib/gcc/arm-none-eabi/12.3.1/../../../../arm-none-eabi/lib/thumb/v7e-m/nofp/libnosys.a
END GROUP
LOAD /home/leandro/st/stm32cubeide_1.10.1/plugins/com.st.stm32cube.ide.mcu.externaltools.gnu-tools-for-stm32.12.3.rel1.linux64_1.0.200.202406132123/tools/bin/../lib/gcc/arm-none-eabi/12.3.1/thumb/v7e-m/nofp/crtend.o
LOAD /home/leandro/st/stm32cubeide_1.10.1/plugins/com.st.stm32cube.ide.mcu.externaltools.gnu-tools-for-stm32.12.3.rel1.linux64_1.0.200.202406132123/tools/bin/../lib/gcc/arm-none-eabi/12.3.1/thumb/v7e-m/nofp/crtn.o
                0x20020000                        _estack = (ORIGIN (RAM) + LENGTH (RAM))
                0x00000200                        _Min_Heap_Size = 0x200
                0x00000400                        _Min_Stack_Size = 0x400

.isr_vector     0x08000000      0x198
                0x08000000                        . = ALIGN (0x4)
 *(.isr_vector)
 .isr_vector    0x08000000      0x198 ./Startup/startup_stm32f411retx.o
                0x08000000                g_pfnVectors
                0x08000198                        . = ALIGN (0x4)

.text           0x080001a0     0x998c
                0x080001a0                        . = ALIGN (0x4)
 *(.text)
 .text          0x080001a0       0x40 /home/leandro/st/stm32cubeide_1.10.1/plugins/com.st.stm32cube.ide.mcu.externaltools.gnu-tools-for-stm32.12.3.rel1.linux64_1.0.200.202406132123/tools/bin/../lib/gcc/arm-none-eabi/12.3.1/thumb/v7e-m/nofp/crtbegin.o
 .text          0x080001e0       0xa0 /home/leandro/st/stm32cubeide_1.10.1/plugins/com.st.stm32cube.ide.mcu.externaltools.gnu-tools-for-stm32.12.3.rel1.linux64_1.0.200.202406132123/tools/bin/../lib/gcc/arm-none-eabi/12.3.1/../../../../arm-none-eabi/lib/thumb/v7e-m/nofp/libc_nano.a(libc_a-memchr.o)
                0x080001e0                memchr
 .text          0x08000280       0x10 /home/leandro/st/stm32cubeide_1.10.1/plugins/com.st.stm32cube.ide.mcu.externaltools.gnu-tools-for-stm32.12.3.rel1.linux64_1.0.200.202406132123/tools/bin/../lib/gcc/arm-none-eabi/12.3.1/../../../../arm-none-eabi/lib/thumb/v7e-m/nofp/libc_nano.a(libc_a-strlen.o)
                0x08000280                strlen
 .text          0x08000290      0x378 /home/leandro/st/stm32cubeide_1.10.1/plugins/com.st.stm32cube.ide.mcu.externaltools.gnu-tools-for-stm32.12.3.rel1.linux64_1.0.200.202406132123/tools/bin/../lib/gcc/arm-none-eabi/12.3.1/thumb/v7e-m/nofp/libgcc.a(_arm_addsubdf3.o)
                0x08000290                __aeabi_drsub
                0x08000298                __aeabi_dsub
                0x08000298                __subdf3
                0x0800029c                __adddf3
                0x0800029c                __aeabi_dadd
                0x08000514                __aeabi_ui2d
                0x08000514                __floatunsidf
                0x08000534                __floatsidf
                0x08000534                __aeabi_i2d
                0x08000558                __extendsfdf2
                0x08000558                __aeabi_f2d
                0x0800059c                __aeabi_ul2d
                0x0800059c                __floatundidf
                0x080005ac                __floatdidf
                0x080005ac                __aeabi_l2d
 .text          0x08000608      0x424 /home/leandro/st/stm32cubeide_1.10.1/plugins/com.st.stm32cube.ide.mcu.externaltools.gnu-tools-for-stm32.12.3.rel1.linux64_1.0.200.202406132123/tools/bin/../lib/gcc/arm-none-eabi/12.3.1/thumb/v7e-m/nofp/libgcc.a(_arm_muldivdf3.o)
                0x08000608                __aeabi_dmul
                0x08000608                __muldf3
                0x0800085c                __aeabi_ddiv
                0x0800085c                __divdf3
 .text          0x08000a2c      0x110 /home/leandro/st/stm32cubeide_1.10.1/plugins/com.st.stm32cube.ide.mcu.externaltools.gnu-tools-for-stm32.12.3.rel1.linux64_1.0.200.202406132123/tools/bin/../lib/gcc/arm-none-eabi/12.3.1/thumb/v7e-m/nofp/libgcc.a(_arm_cmpdf2.o)
                0x08000a2c                __gtdf2
                0x08000a2c                __gedf2
                0x08000a34                __ltdf2
                0x08000a34                __ledf2
                0x08000a3c                __cmpdf2
                0x08000a3c                __eqdf2
                0x08000a3c                __nedf2
                0x08000ab8                __aeabi_cdrcmple
                0x08000ac8                __aeabi_cdcmple
                0x08000ac8                __aeabi_cdcmpeq
                0x08000ad8                __aeabi_dcmpeq
                0x08000aec                __aeabi_dcmplt
                0x08000b00                __aeabi_dcmple
                0x08000b14                __aeabi_dcmpge
                0x08000b28                __aeabi_dcmpgt
 .text          0x08000b3c       0x2c /home/leandro/st/stm32cubeide_1.10.1/plugins/com.st.stm32cube.ide.mcu.externaltools.gnu-tools-for-stm32.12.3.rel1.linux64_1.0.200.202406132123/tools/bin/../lib/gcc/arm-none-eabi/12.3.1/thumb/v7e-m/nofp/libgcc.a(_arm_unorddf2.o)
                0x08000b3c                __aeabi_dcmpun
                0x08000b3c                __unorddf2
 .text          0x08000b68       0x50 /home/leandro/st/stm32cubeide_1.10.1/plugins/com.st.stm32cube.ide.mcu.externaltools.gnu-tools-for-stm32.12.3.rel1.linux64_1.0.200.202406132123/tools/bin/../lib/gcc/arm-none-eabi/12.3.1/thumb/v7e-m/nofp/libgcc.a(_arm_fixdfsi.o)
                0x08000b68                __fixdfsi
                0x08000b68                __aeabi_d2iz
 .text          0x08000bb8       0x40 /home/leandro/st/stm32cubeide_1.10.1/plugins/com.st.stm32cube.ide.mcu.externaltools.gnu-tools-for-stm32.12.3.rel1.linux64_1.0.200.202406132123/tools/bin/../lib/gcc/arm-none-eabi/12.3.1/thumb/v7e-m/nofp/libgcc.a(_arm_fixunsdfsi.o)
                0x08000bb8                __fixunsdfsi
                0x08000bb8                __aeabi_d2uiz
 .text          0x08000bf8       0xa0 /home/leandro/st/stm32cubeide_1.10.1/plugins/com.st.stm32cube.ide.mcu.externaltools.gnu-tools-for-stm32.12.3.rel1.linux64_1.0.200.202406132123/tools/bin/../lib/gcc/arm-none-eabi/12.3.1/thumb/v7e-m/nofp/libgcc.a(_arm_truncdfsf2.o)
                0x08000bf8                __aeabi_d2f
                0x08000bf8                __truncdfsf2
 .text          0x08000c98       0x30 /home/leandro/st/stm32cubeide_1.10.1/plugins/com.st.stm32cube.ide.mcu.externaltools.gnu-tools-for-stm32.12.3.rel1.linux64_1.0.200.202406132123/tools/bin/../lib/gcc/arm-none-eabi/12.3.1/thumb/v7e-m/nofp/libgcc.a(_fixdfdi.o)
                0x08000c98                __aeabi_d2lz
                0x08000c98                __fixdfdi
 .text          0x08000cc8       0x3c /home/leandro/st/stm32cubeide_1.10.1/plugins/com.st.stm32cube.ide.mcu.externaltools.gnu-tools-for-stm32.12.3.rel1.linux64_1.0.200.202406132123/tools/bin/../lib/gcc/arm-none-eabi/12.3.1/thumb/v7e-m/nofp/libgcc.a(_fixunsdfdi.o)
                0x08000cc8                __aeabi_d2ulz
                0x08000cc8                __fixunsdfdi
 *(.text*)
 .text.main     0x08000d04      0x790 ./Src/main.o
                0x08000d04                main
 .text.init_system
                0x08001494      0x4f0 ./Src/main.o
                0x08001494                init_system
 .text.display_numbers
                0x08001984      0x2a8 ./Src/main.o
                0x08001984                display_numbers
 .text.switcheo_transistor
                0x08001c2c      0x100 ./Src/main.o
                0x08001c2c                switcheo_transistor
 .text.separador_numero
                0x08001d2c       0xc4 ./Src/main.o
                0x08001d2c                separador_numero
 .text.Timer2_Callback
                0x08001df0       0x18 ./Src/main.o
                0x08001df0                Timer2_Callback
 .text.Timer3_Callback
                0x08001e08       0x18 ./Src/main.o
                0x08001e08                Timer3_Callback
 .text.Timer5_Callback
                0x08001e20       0x28 ./Src/main.o
                0x08001e20                Timer5_Callback
 .text.callback_ExtInt13
                0x08001e48       0x28 ./Src/main.o
                0x08001e48                callback_ExtInt13
 .text.callback_ExtInt5
                0x08001e70       0x18 ./Src/main.o
                0x08001e70                callback_ExtInt5
 .text.adc_CompleteCallback
                0x08001e88       0x24 ./Src/main.o
                0x08001e88                adc_CompleteCallback
 .text.usart2_RxCallback
                0x08001eac       0x24 ./Src/main.o
                0x08001eac                usart2_RxCallback
 .text._getpid  0x08001ed0        0xe ./Src/syscalls.o
                0x08001ed0                _getpid
 .text._kill    0x08001ede       0x20 ./Src/syscalls.o
                0x08001ede                _kill
 .text._exit    0x08001efe       0x16 ./Src/syscalls.o
                0x08001efe                _exit
 .text._read    0x08001f14       0x3a ./Src/syscalls.o
                0x08001f14                _read
 .text._write   0x08001f4e       0x38 ./Src/syscalls.o
                0x08001f4e                _write
 .text._close   0x08001f86       0x16 ./Src/syscalls.o
                0x08001f86                _close
 .text._fstat   0x08001f9c       0x1e ./Src/syscalls.o
                0x08001f9c                _fstat
 .text._isatty  0x08001fba       0x14 ./Src/syscalls.o
                0x08001fba                _isatty
 .text._lseek   0x08001fce       0x18 ./Src/syscalls.o
                0x08001fce                _lseek
 *fill*         0x08001fe6        0x2 
 .text._sbrk    0x08001fe8       0x6c ./Src/sysmem.o
                0x08001fe8                _sbrk
 .text.Reset_Handler
                0x08002054       0x50 ./Startup/startup_stm32f411retx.o
                0x08002054                Reset_Handler
 .text.Default_Handler
                0x080020a4        0x2 ./Startup/startup_stm32f411retx.o
                0x080020a4                RTC_Alarm_IRQHandler
                0x080020a4                DebugMon_Handler
                0x080020a4                SPI4_IRQHandler
                0x080020a4                TIM1_CC_IRQHandler
                0x080020a4                DMA2_Stream5_IRQHandler
                0x080020a4                HardFault_Handler
                0x080020a4                DMA1_Stream5_IRQHandler
                0x080020a4                SysTick_Handler
                0x080020a4                PVD_IRQHandler
                0x080020a4                SDIO_IRQHandler
                0x080020a4                TAMP_STAMP_IRQHandler
                0x080020a4                PendSV_Handler
                0x080020a4                NMI_Handler
                0x080020a4                I2C3_ER_IRQHandler
                0x080020a4                I2C2_EV_IRQHandler
                0x080020a4                DMA1_Stream2_IRQHandler
                0x080020a4                FPU_IRQHandler
                0x080020a4                UsageFault_Handler
                0x080020a4                DMA2_Stream2_IRQHandler
                0x080020a4                SPI1_IRQHandler
                0x080020a4                DMA2_Stream3_IRQHandler
                0x080020a4                DMA2_Stream0_IRQHandler
                0x080020a4                I2C1_EV_IRQHandler
                0x080020a4                DMA1_Stream6_IRQHandler
                0x080020a4                DMA1_Stream1_IRQHandler
                0x080020a4                RCC_IRQHandler
                0x080020a4                Default_Handler
                0x080020a4                DMA1_Stream7_IRQHandler
                0x080020a4                SPI5_IRQHandler
                0x080020a4                DMA2_Stream7_IRQHandler
                0x080020a4                I2C3_EV_IRQHandler
                0x080020a4                RTC_WKUP_IRQHandler
                0x080020a4                SPI2_IRQHandler
                0x080020a4                MemManage_Handler
                0x080020a4                DMA1_Stream0_IRQHandler
                0x080020a4                SVC_Handler
                0x080020a4                WWDG_IRQHandler
                0x080020a4                OTG_FS_WKUP_IRQHandler
                0x080020a4                I2C2_ER_IRQHandler
                0x080020a4                DMA2_Stream1_IRQHandler
                0x080020a4                FLASH_IRQHandler
                0x080020a4                DMA2_Stream4_IRQHandler
                0x080020a4                BusFault_Handler
                0x080020a4                OTG_FS_IRQHandler
                0x080020a4                SPI3_IRQHandler
                0x080020a4                DMA1_Stream4_IRQHandler
                0x080020a4                I2C1_ER_IRQHandler
                0x080020a4                DMA2_Stream6_IRQHandler
                0x080020a4                DMA1_Stream3_IRQHandler
 *fill*         0x080020a6        0x2 
 .text.__NVIC_EnableIRQ
                0x080020a8       0x38 /home/leandro/Documentos/GitHub/TallerV-2024-2s-/PeripheralsDrivers/Debug/libPeripheralsDrivers.a(adc_driver_hal.o)
 .text.__NVIC_DisableIRQ
                0x080020e0       0x48 /home/leandro/Documentos/GitHub/TallerV-2024-2s-/PeripheralsDrivers/Debug/libPeripheralsDrivers.a(adc_driver_hal.o)
 .text.__NVIC_SetPriority
                0x08002128       0x54 /home/leandro/Documentos/GitHub/TallerV-2024-2s-/PeripheralsDrivers/Debug/libPeripheralsDrivers.a(adc_driver_hal.o)
 .text.adc_ConfigSingleChannel
                0x0800217c       0x74 /home/leandro/Documentos/GitHub/TallerV-2024-2s-/PeripheralsDrivers/Debug/libPeripheralsDrivers.a(adc_driver_hal.o)
                0x0800217c                adc_ConfigSingleChannel
 .text.adc_enable_clock_peripheral
                0x080021f0       0x1c /home/leandro/Documentos/GitHub/TallerV-2024-2s-/PeripheralsDrivers/Debug/libPeripheralsDrivers.a(adc_driver_hal.o)
 .text.adc_set_resolution
                0x0800220c       0x7c /home/leandro/Documentos/GitHub/TallerV-2024-2s-/PeripheralsDrivers/Debug/libPeripheralsDrivers.a(adc_driver_hal.o)
 .text.adc_set_alignment
                0x08002288       0x44 /home/leandro/Documentos/GitHub/TallerV-2024-2s-/PeripheralsDrivers/Debug/libPeripheralsDrivers.a(adc_driver_hal.o)
 .text.adc_set_sampling_and_hold
                0x080022cc      0xaec /home/leandro/Documentos/GitHub/TallerV-2024-2s-/PeripheralsDrivers/Debug/libPeripheralsDrivers.a(adc_driver_hal.o)
 .text.adc_one_channel_sequence
                0x08002db8      0x160 /home/leandro/Documentos/GitHub/TallerV-2024-2s-/PeripheralsDrivers/Debug/libPeripheralsDrivers.a(adc_driver_hal.o)
 .text.adc_config_interrupt
                0x08002f18       0x4c /home/leandro/Documentos/GitHub/TallerV-2024-2s-/PeripheralsDrivers/Debug/libPeripheralsDrivers.a(adc_driver_hal.o)
 .text.adc_peripheralOnOFF
                0x08002f64       0x38 /home/leandro/Documentos/GitHub/TallerV-2024-2s-/PeripheralsDrivers/Debug/libPeripheralsDrivers.a(adc_driver_hal.o)
                0x08002f64                adc_peripheralOnOFF
 .text.adc_ScanMode
                0x08002f9c       0x38 /home/leandro/Documentos/GitHub/TallerV-2024-2s-/PeripheralsDrivers/Debug/libPeripheralsDrivers.a(adc_driver_hal.o)
                0x08002f9c                adc_ScanMode
 .text.adc_StartSingleConv
                0x08002fd4       0x1c /home/leandro/Documentos/GitHub/TallerV-2024-2s-/PeripheralsDrivers/Debug/libPeripheralsDrivers.a(adc_driver_hal.o)
                0x08002fd4                adc_StartSingleConv
 .text.adc_StopContinuousConv
                0x08002ff0       0x1c /home/leandro/Documentos/GitHub/TallerV-2024-2s-/PeripheralsDrivers/Debug/libPeripheralsDrivers.a(adc_driver_hal.o)
                0x08002ff0                adc_StopContinuousConv
 .text.adc_GetValue
                0x0800300c       0x14 /home/leandro/Documentos/GitHub/TallerV-2024-2s-/PeripheralsDrivers/Debug/libPeripheralsDrivers.a(adc_driver_hal.o)
                0x0800300c                adc_GetValue
 .text.ADC_IRQHandler
                0x08003020       0x2c /home/leandro/Documentos/GitHub/TallerV-2024-2s-/PeripheralsDrivers/Debug/libPeripheralsDrivers.a(adc_driver_hal.o)
                0x08003020                ADC_IRQHandler
 .text.adc_ConfigAnalogPin
                0x0800304c      0x210 /home/leandro/Documentos/GitHub/TallerV-2024-2s-/PeripheralsDrivers/Debug/libPeripheralsDrivers.a(adc_driver_hal.o)
                0x0800304c                adc_ConfigAnalogPin
 .text.__NVIC_EnableIRQ
                0x0800325c       0x38 /home/leandro/Documentos/GitHub/TallerV-2024-2s-/PeripheralsDrivers/Debug/libPeripheralsDrivers.a(exti_driver_hal.o)
 .text.exti_Config
                0x08003294       0x38 /home/leandro/Documentos/GitHub/TallerV-2024-2s-/PeripheralsDrivers/Debug/libPeripheralsDrivers.a(exti_driver_hal.o)
                0x08003294                exti_Config
 .text.exti_enable_clock_peripheral
                0x080032cc       0x1c /home/leandro/Documentos/GitHub/TallerV-2024-2s-/PeripheralsDrivers/Debug/libPeripheralsDrivers.a(exti_driver_hal.o)
 .text.exti_assign_channel
                0x080032e8      0xbc4 /home/leandro/Documentos/GitHub/TallerV-2024-2s-/PeripheralsDrivers/Debug/libPeripheralsDrivers.a(exti_driver_hal.o)
 .text.exti_select_edge
                0x08003eac      0x290 /home/leandro/Documentos/GitHub/TallerV-2024-2s-/PeripheralsDrivers/Debug/libPeripheralsDrivers.a(exti_driver_hal.o)
 .text.exti_config_interrupt
                0x0800413c      0x220 /home/leandro/Documentos/GitHub/TallerV-2024-2s-/PeripheralsDrivers/Debug/libPeripheralsDrivers.a(exti_driver_hal.o)
 .text.callback_ExtInt0
                0x0800435c        0xe /home/leandro/Documentos/GitHub/TallerV-2024-2s-/PeripheralsDrivers/Debug/libPeripheralsDrivers.a(exti_driver_hal.o)
                0x0800435c                callback_ExtInt0
 .text.callback_ExtInt1
                0x0800436a        0xe /home/leandro/Documentos/GitHub/TallerV-2024-2s-/PeripheralsDrivers/Debug/libPeripheralsDrivers.a(exti_driver_hal.o)
                0x0800436a                callback_ExtInt1
 .text.callback_ExtInt2
                0x08004378        0xe /home/leandro/Documentos/GitHub/TallerV-2024-2s-/PeripheralsDrivers/Debug/libPeripheralsDrivers.a(exti_driver_hal.o)
                0x08004378                callback_ExtInt2
 .text.callback_ExtInt3
                0x08004386        0xe /home/leandro/Documentos/GitHub/TallerV-2024-2s-/PeripheralsDrivers/Debug/libPeripheralsDrivers.a(exti_driver_hal.o)
                0x08004386                callback_ExtInt3
 .text.callback_ExtInt4
                0x08004394        0xe /home/leandro/Documentos/GitHub/TallerV-2024-2s-/PeripheralsDrivers/Debug/libPeripheralsDrivers.a(exti_driver_hal.o)
                0x08004394                callback_ExtInt4
 .text.callback_ExtInt6
                0x080043a2        0xe /home/leandro/Documentos/GitHub/TallerV-2024-2s-/PeripheralsDrivers/Debug/libPeripheralsDrivers.a(exti_driver_hal.o)
                0x080043a2                callback_ExtInt6
 .text.callback_ExtInt7
                0x080043b0        0xe /home/leandro/Documentos/GitHub/TallerV-2024-2s-/PeripheralsDrivers/Debug/libPeripheralsDrivers.a(exti_driver_hal.o)
                0x080043b0                callback_ExtInt7
 .text.callback_ExtInt8
                0x080043be        0xe /home/leandro/Documentos/GitHub/TallerV-2024-2s-/PeripheralsDrivers/Debug/libPeripheralsDrivers.a(exti_driver_hal.o)
                0x080043be                callback_ExtInt8
 .text.callback_ExtInt9
                0x080043cc        0xe /home/leandro/Documentos/GitHub/TallerV-2024-2s-/PeripheralsDrivers/Debug/libPeripheralsDrivers.a(exti_driver_hal.o)
                0x080043cc                callback_ExtInt9
 .text.callback_ExtInt10
                0x080043da        0xe /home/leandro/Documentos/GitHub/TallerV-2024-2s-/PeripheralsDrivers/Debug/libPeripheralsDrivers.a(exti_driver_hal.o)
                0x080043da                callback_ExtInt10
 .text.callback_ExtInt11
                0x080043e8        0xe /home/leandro/Documentos/GitHub/TallerV-2024-2s-/PeripheralsDrivers/Debug/libPeripheralsDrivers.a(exti_driver_hal.o)
                0x080043e8                callback_ExtInt11
 .text.callback_ExtInt12
                0x080043f6        0xe /home/leandro/Documentos/GitHub/TallerV-2024-2s-/PeripheralsDrivers/Debug/libPeripheralsDrivers.a(exti_driver_hal.o)
                0x080043f6                callback_ExtInt12
 .text.callback_ExtInt14
                0x08004404        0xe /home/leandro/Documentos/GitHub/TallerV-2024-2s-/PeripheralsDrivers/Debug/libPeripheralsDrivers.a(exti_driver_hal.o)
                0x08004404                callback_ExtInt14
 .text.callback_ExtInt15
                0x08004412        0xe /home/leandro/Documentos/GitHub/TallerV-2024-2s-/PeripheralsDrivers/Debug/libPeripheralsDrivers.a(exti_driver_hal.o)
                0x08004412                callback_ExtInt15
 .text.EXTI0_IRQHandler
                0x08004420       0x28 /home/leandro/Documentos/GitHub/TallerV-2024-2s-/PeripheralsDrivers/Debug/libPeripheralsDrivers.a(exti_driver_hal.o)
                0x08004420                EXTI0_IRQHandler
 .text.EXTI1_IRQHandler
                0x08004448       0x28 /home/leandro/Documentos/GitHub/TallerV-2024-2s-/PeripheralsDrivers/Debug/libPeripheralsDrivers.a(exti_driver_hal.o)
                0x08004448                EXTI1_IRQHandler
 .text.EXTI2_IRQHandler
                0x08004470       0x28 /home/leandro/Documentos/GitHub/TallerV-2024-2s-/PeripheralsDrivers/Debug/libPeripheralsDrivers.a(exti_driver_hal.o)
                0x08004470                EXTI2_IRQHandler
 .text.EXTI3_IRQHandler
                0x08004498       0x28 /home/leandro/Documentos/GitHub/TallerV-2024-2s-/PeripheralsDrivers/Debug/libPeripheralsDrivers.a(exti_driver_hal.o)
                0x08004498                EXTI3_IRQHandler
 .text.EXTI4_IRQHandler
                0x080044c0       0x28 /home/leandro/Documentos/GitHub/TallerV-2024-2s-/PeripheralsDrivers/Debug/libPeripheralsDrivers.a(exti_driver_hal.o)
                0x080044c0                EXTI4_IRQHandler
 .text.EXTI9_5_IRQHandler
                0x080044e8       0xa0 /home/leandro/Documentos/GitHub/TallerV-2024-2s-/PeripheralsDrivers/Debug/libPeripheralsDrivers.a(exti_driver_hal.o)
                0x080044e8                EXTI9_5_IRQHandler
 .text.EXTI15_10_IRQHandler
                0x08004588       0xc0 /home/leandro/Documentos/GitHub/TallerV-2024-2s-/PeripheralsDrivers/Debug/libPeripheralsDrivers.a(exti_driver_hal.o)
                0x08004588                EXTI15_10_IRQHandler
 .text.gpio_Config
                0x08004648       0x34 /home/leandro/Documentos/GitHub/TallerV-2024-2s-/PeripheralsDrivers/Debug/libPeripheralsDrivers.a(gpio_driver_hal.o)
                0x08004648                gpio_Config
 .text.gpio_enable_clock_peripheral
                0x0800467c       0xbc /home/leandro/Documentos/GitHub/TallerV-2024-2s-/PeripheralsDrivers/Debug/libPeripheralsDrivers.a(gpio_driver_hal.o)
                0x0800467c                gpio_enable_clock_peripheral
 .text.gpio_config_mode
                0x08004738       0x56 /home/leandro/Documentos/GitHub/TallerV-2024-2s-/PeripheralsDrivers/Debug/libPeripheralsDrivers.a(gpio_driver_hal.o)
                0x08004738                gpio_config_mode
 .text.gpio_config_output_type
                0x0800478e       0x52 /home/leandro/Documentos/GitHub/TallerV-2024-2s-/PeripheralsDrivers/Debug/libPeripheralsDrivers.a(gpio_driver_hal.o)
                0x0800478e                gpio_config_output_type
 .text.gpio_config_output_speed
                0x080047e0       0x56 /home/leandro/Documentos/GitHub/TallerV-2024-2s-/PeripheralsDrivers/Debug/libPeripheralsDrivers.a(gpio_driver_hal.o)
                0x080047e0                gpio_config_output_speed
 .text.gpio_config_pullup_pulldown
                0x08004836       0x56 /home/leandro/Documentos/GitHub/TallerV-2024-2s-/PeripheralsDrivers/Debug/libPeripheralsDrivers.a(gpio_driver_hal.o)
                0x08004836                gpio_config_pullup_pulldown
 .text.gpio_config_alternate_function
                0x0800488c       0xa4 /home/leandro/Documentos/GitHub/TallerV-2024-2s-/PeripheralsDrivers/Debug/libPeripheralsDrivers.a(gpio_driver_hal.o)
                0x0800488c                gpio_config_alternate_function
 .text.gpio_WritePin
                0x08004930       0x54 /home/leandro/Documentos/GitHub/TallerV-2024-2s-/PeripheralsDrivers/Debug/libPeripheralsDrivers.a(gpio_driver_hal.o)
                0x08004930                gpio_WritePin
 .text.gpio_ReadPin
                0x08004984       0x2e /home/leandro/Documentos/GitHub/TallerV-2024-2s-/PeripheralsDrivers/Debug/libPeripheralsDrivers.a(gpio_driver_hal.o)
                0x08004984                gpio_ReadPin
 .text.gpio_TooglePin
                0x080049b2       0x2e /home/leandro/Documentos/GitHub/TallerV-2024-2s-/PeripheralsDrivers/Debug/libPeripheralsDrivers.a(gpio_driver_hal.o)
                0x080049b2                gpio_TooglePin
 .text.__NVIC_EnableIRQ
                0x080049e0       0x38 /home/leandro/Documentos/GitHub/TallerV-2024-2s-/PeripheralsDrivers/Debug/libPeripheralsDrivers.a(timer_driver_hal.o)
 .text.__NVIC_DisableIRQ
                0x08004a18       0x48 /home/leandro/Documentos/GitHub/TallerV-2024-2s-/PeripheralsDrivers/Debug/libPeripheralsDrivers.a(timer_driver_hal.o)
 .text.timer_Config
                0x08004a60       0x4c /home/leandro/Documentos/GitHub/TallerV-2024-2s-/PeripheralsDrivers/Debug/libPeripheralsDrivers.a(timer_driver_hal.o)
                0x08004a60                timer_Config
 .text.timer_enable_clock_peripheral
                0x08004aac       0xd8 /home/leandro/Documentos/GitHub/TallerV-2024-2s-/PeripheralsDrivers/Debug/libPeripheralsDrivers.a(timer_driver_hal.o)
 .text.timer_set_prescaler
                0x08004b84       0x1e /home/leandro/Documentos/GitHub/TallerV-2024-2s-/PeripheralsDrivers/Debug/libPeripheralsDrivers.a(timer_driver_hal.o)
 .text.timer_set_period
                0x08004ba2       0x1e /home/leandro/Documentos/GitHub/TallerV-2024-2s-/PeripheralsDrivers/Debug/libPeripheralsDrivers.a(timer_driver_hal.o)
 .text.timer_set_mode
                0x08004bc0       0x3c /home/leandro/Documentos/GitHub/TallerV-2024-2s-/PeripheralsDrivers/Debug/libPeripheralsDrivers.a(timer_driver_hal.o)
 .text.timer_config_interrupt
                0x08004bfc      0x154 /home/leandro/Documentos/GitHub/TallerV-2024-2s-/PeripheralsDrivers/Debug/libPeripheralsDrivers.a(timer_driver_hal.o)
 .text.timer_SetState
                0x08004d50       0x46 /home/leandro/Documentos/GitHub/TallerV-2024-2s-/PeripheralsDrivers/Debug/libPeripheralsDrivers.a(timer_driver_hal.o)
                0x08004d50                timer_SetState
 .text.Timer4_Callback
                0x08004d96        0xe /home/leandro/Documentos/GitHub/TallerV-2024-2s-/PeripheralsDrivers/Debug/libPeripheralsDrivers.a(timer_driver_hal.o)
                0x08004d96                Timer4_Callback
 .text.Timer9_Callback
                0x08004da4        0xe /home/leandro/Documentos/GitHub/TallerV-2024-2s-/PeripheralsDrivers/Debug/libPeripheralsDrivers.a(timer_driver_hal.o)
                0x08004da4                Timer9_Callback
 .text.Timer10_Callback
                0x08004db2        0xe /home/leandro/Documentos/GitHub/TallerV-2024-2s-/PeripheralsDrivers/Debug/libPeripheralsDrivers.a(timer_driver_hal.o)
                0x08004db2                Timer10_Callback
 .text.Timer11_Callback
                0x08004dc0        0xe /home/leandro/Documentos/GitHub/TallerV-2024-2s-/PeripheralsDrivers/Debug/libPeripheralsDrivers.a(timer_driver_hal.o)
                0x08004dc0                Timer11_Callback
 .text.TIM2_IRQHandler
                0x08004dce       0x1c /home/leandro/Documentos/GitHub/TallerV-2024-2s-/PeripheralsDrivers/Debug/libPeripheralsDrivers.a(timer_driver_hal.o)
                0x08004dce                TIM2_IRQHandler
 *fill*         0x08004dea        0x2 
 .text.TIM3_IRQHandler
                0x08004dec       0x1c /home/leandro/Documentos/GitHub/TallerV-2024-2s-/PeripheralsDrivers/Debug/libPeripheralsDrivers.a(timer_driver_hal.o)
                0x08004dec                TIM3_IRQHandler
 .text.TIM4_IRQHandler
                0x08004e08       0x1c /home/leandro/Documentos/GitHub/TallerV-2024-2s-/PeripheralsDrivers/Debug/libPeripheralsDrivers.a(timer_driver_hal.o)
                0x08004e08                TIM4_IRQHandler
 .text.TIM5_IRQHandler
                0x08004e24       0x1c /home/leandro/Documentos/GitHub/TallerV-2024-2s-/PeripheralsDrivers/Debug/libPeripheralsDrivers.a(timer_driver_hal.o)
                0x08004e24                TIM5_IRQHandler
 .text.TIM1_BRK_TIM9_IRQHandler
                0x08004e40       0x1c /home/leandro/Documentos/GitHub/TallerV-2024-2s-/PeripheralsDrivers/Debug/libPeripheralsDrivers.a(timer_driver_hal.o)
                0x08004e40                TIM1_BRK_TIM9_IRQHandler
 .text.TIM1_UP_TIM10_IRQHandler
                0x08004e5c       0x1c /home/leandro/Documentos/GitHub/TallerV-2024-2s-/PeripheralsDrivers/Debug/libPeripheralsDrivers.a(timer_driver_hal.o)
                0x08004e5c                TIM1_UP_TIM10_IRQHandler
 .text.TIM1_TRG_COM_TIM11_IRQHandler
                0x08004e78       0x1c /home/leandro/Documentos/GitHub/TallerV-2024-2s-/PeripheralsDrivers/Debug/libPeripheralsDrivers.a(timer_driver_hal.o)
                0x08004e78                TIM1_TRG_COM_TIM11_IRQHandler
 .text.__NVIC_EnableIRQ
                0x08004e94       0x38 /home/leandro/Documentos/GitHub/TallerV-2024-2s-/PeripheralsDrivers/Debug/libPeripheralsDrivers.a(usart_driver_hal.o)
 .text.__NVIC_SetPriority
                0x08004ecc       0x54 /home/leandro/Documentos/GitHub/TallerV-2024-2s-/PeripheralsDrivers/Debug/libPeripheralsDrivers.a(usart_driver_hal.o)
 .text.usart_Config
                0x08004f20       0x60 /home/leandro/Documentos/GitHub/TallerV-2024-2s-/PeripheralsDrivers/Debug/libPeripheralsDrivers.a(usart_driver_hal.o)
                0x08004f20                usart_Config
 .text.usart_enable_clock_peripheral
                0x08004f80       0x68 /home/leandro/Documentos/GitHub/TallerV-2024-2s-/PeripheralsDrivers/Debug/libPeripheralsDrivers.a(usart_driver_hal.o)
 .text.usart_config_parity
                0x08004fe8       0x66 /home/leandro/Documentos/GitHub/TallerV-2024-2s-/PeripheralsDrivers/Debug/libPeripheralsDrivers.a(usart_driver_hal.o)
 .text.usart_config_datasize
                0x0800504e       0x56 /home/leandro/Documentos/GitHub/TallerV-2024-2s-/PeripheralsDrivers/Debug/libPeripheralsDrivers.a(usart_driver_hal.o)
 .text.usart_config_stopbits
                0x080050a4       0x8c /home/leandro/Documentos/GitHub/TallerV-2024-2s-/PeripheralsDrivers/Debug/libPeripheralsDrivers.a(usart_driver_hal.o)
 .text.usart_config_baudrate
                0x08005130       0x78 /home/leandro/Documentos/GitHub/TallerV-2024-2s-/PeripheralsDrivers/Debug/libPeripheralsDrivers.a(usart_driver_hal.o)
 .text.usart_config_mode
                0x080051a8       0xac /home/leandro/Documentos/GitHub/TallerV-2024-2s-/PeripheralsDrivers/Debug/libPeripheralsDrivers.a(usart_driver_hal.o)
 .text.usart_config_interrupt
                0x08005254       0xe8 /home/leandro/Documentos/GitHub/TallerV-2024-2s-/PeripheralsDrivers/Debug/libPeripheralsDrivers.a(usart_driver_hal.o)
 .text.usart_enable_peripheral
                0x0800533c       0x2a /home/leandro/Documentos/GitHub/TallerV-2024-2s-/PeripheralsDrivers/Debug/libPeripheralsDrivers.a(usart_driver_hal.o)
 .text.usart_WriteChar
                0x08005366       0x30 /home/leandro/Documentos/GitHub/TallerV-2024-2s-/PeripheralsDrivers/Debug/libPeripheralsDrivers.a(usart_driver_hal.o)
                0x08005366                usart_WriteChar
 .text.usart_writeMsg
                0x08005396       0x3c /home/leandro/Documentos/GitHub/TallerV-2024-2s-/PeripheralsDrivers/Debug/libPeripheralsDrivers.a(usart_driver_hal.o)
                0x08005396                usart_writeMsg
 *fill*         0x080053d2        0x2 
 .text.usart_getRxData
                0x080053d4       0x14 /home/leandro/Documentos/GitHub/TallerV-2024-2s-/PeripheralsDrivers/Debug/libPeripheralsDrivers.a(usart_driver_hal.o)
                0x080053d4                usart_getRxData
 .text.USART2_IRQHandler
                0x080053e8       0x2c /home/leandro/Documentos/GitHub/TallerV-2024-2s-/PeripheralsDrivers/Debug/libPeripheralsDrivers.a(usart_driver_hal.o)
                0x080053e8                USART2_IRQHandler
 .text.USART6_IRQHandler
                0x08005414       0x2c /home/leandro/Documentos/GitHub/TallerV-2024-2s-/PeripheralsDrivers/Debug/libPeripheralsDrivers.a(usart_driver_hal.o)
                0x08005414                USART6_IRQHandler
 .text.USART1_IRQHandler
                0x08005440       0x2c /home/leandro/Documentos/GitHub/TallerV-2024-2s-/PeripheralsDrivers/Debug/libPeripheralsDrivers.a(usart_driver_hal.o)
                0x08005440                USART1_IRQHandler
 .text.usart1_RxCallback
                0x0800546c        0xe /home/leandro/Documentos/GitHub/TallerV-2024-2s-/PeripheralsDrivers/Debug/libPeripheralsDrivers.a(usart_driver_hal.o)
                0x0800546c                usart1_RxCallback
 .text.usart6_RxCallback
                0x0800547a        0xe /home/leandro/Documentos/GitHub/TallerV-2024-2s-/PeripheralsDrivers/Debug/libPeripheralsDrivers.a(usart_driver_hal.o)
                0x0800547a                usart6_RxCallback
 .text.__cvt    0x08005488       0xc8 /home/leandro/st/stm32cubeide_1.10.1/plugins/com.st.stm32cube.ide.mcu.externaltools.gnu-tools-for-stm32.12.3.rel1.linux64_1.0.200.202406132123/tools/bin/../lib/gcc/arm-none-eabi/12.3.1/../../../../arm-none-eabi/lib/thumb/v7e-m/nofp/libc_nano.a(libc_a-nano-vfprintf_float.o)
                0x08005488                __cvt
 .text.__exponent
                0x08005550       0x74 /home/leandro/st/stm32cubeide_1.10.1/plugins/com.st.stm32cube.ide.mcu.externaltools.gnu-tools-for-stm32.12.3.rel1.linux64_1.0.200.202406132123/tools/bin/../lib/gcc/arm-none-eabi/12.3.1/../../../../arm-none-eabi/lib/thumb/v7e-m/nofp/libc_nano.a(libc_a-nano-vfprintf_float.o)
                0x08005550                __exponent
 .text._printf_float
                0x080055c4      0x458 /home/leandro/st/stm32cubeide_1.10.1/plugins/com.st.stm32cube.ide.mcu.externaltools.gnu-tools-for-stm32.12.3.rel1.linux64_1.0.200.202406132123/tools/bin/../lib/gcc/arm-none-eabi/12.3.1/../../../../arm-none-eabi/lib/thumb/v7e-m/nofp/libc_nano.a(libc_a-nano-vfprintf_float.o)
                0x080055c4                _printf_float
 .text._printf_common
                0x08005a1c       0xda /home/leandro/st/stm32cubeide_1.10.1/plugins/com.st.stm32cube.ide.mcu.externaltools.gnu-tools-for-stm32.12.3.rel1.linux64_1.0.200.202406132123/tools/bin/../lib/gcc/arm-none-eabi/12.3.1/../../../../arm-none-eabi/lib/thumb/v7e-m/nofp/libc_nano.a(libc_a-nano-vfprintf_i.o)
                0x08005a1c                _printf_common
 *fill*         0x08005af6        0x2 
 .text._printf_i
                0x08005af8      0x240 /home/leandro/st/stm32cubeide_1.10.1/plugins/com.st.stm32cube.ide.mcu.externaltools.gnu-tools-for-stm32.12.3.rel1.linux64_1.0.200.202406132123/tools/bin/../lib/gcc/arm-none-eabi/12.3.1/../../../../arm-none-eabi/lib/thumb/v7e-m/nofp/libc_nano.a(libc_a-nano-vfprintf_i.o)
                0x08005af8                _printf_i
 .text._scanf_float
                0x08005d38      0x41c /home/leandro/st/stm32cubeide_1.10.1/plugins/com.st.stm32cube.ide.mcu.externaltools.gnu-tools-for-stm32.12.3.rel1.linux64_1.0.200.202406132123/tools/bin/../lib/gcc/arm-none-eabi/12.3.1/../../../../arm-none-eabi/lib/thumb/v7e-m/nofp/libc_nano.a(libc_a-nano-vfscanf_float.o)
                0x08005d38                _scanf_float
 .text.std      0x08006154       0x6c /home/leandro/st/stm32cubeide_1.10.1/plugins/com.st.stm32cube.ide.mcu.externaltools.gnu-tools-for-stm32.12.3.rel1.linux64_1.0.200.202406132123/tools/bin/../lib/gcc/arm-none-eabi/12.3.1/../../../../arm-none-eabi/lib/thumb/v7e-m/nofp/libc_nano.a(libc_a-findfp.o)
 .text.stdio_exit_handler
                0x080061c0       0x18 /home/leandro/st/stm32cubeide_1.10.1/plugins/com.st.stm32cube.ide.mcu.externaltools.gnu-tools-for-stm32.12.3.rel1.linux64_1.0.200.202406132123/tools/bin/../lib/gcc/arm-none-eabi/12.3.1/../../../../arm-none-eabi/lib/thumb/v7e-m/nofp/libc_nano.a(libc_a-findfp.o)
 .text.cleanup_stdio
                0x080061d8       0x40 /home/leandro/st/stm32cubeide_1.10.1/plugins/com.st.stm32cube.ide.mcu.externaltools.gnu-tools-for-stm32.12.3.rel1.linux64_1.0.200.202406132123/tools/bin/../lib/gcc/arm-none-eabi/12.3.1/../../../../arm-none-eabi/lib/thumb/v7e-m/nofp/libc_nano.a(libc_a-findfp.o)
 .text.global_stdio_init.part.0
                0x08006218       0x3c /home/leandro/st/stm32cubeide_1.10.1/plugins/com.st.stm32cube.ide.mcu.externaltools.gnu-tools-for-stm32.12.3.rel1.linux64_1.0.200.202406132123/tools/bin/../lib/gcc/arm-none-eabi/12.3.1/../../../../arm-none-eabi/lib/thumb/v7e-m/nofp/libc_nano.a(libc_a-findfp.o)
 .text.__sfp_lock_acquire
                0x08006254        0xc /home/leandro/st/stm32cubeide_1.10.1/plugins/com.st.stm32cube.ide.mcu.externaltools.gnu-tools-for-stm32.12.3.rel1.linux64_1.0.200.202406132123/tools/bin/../lib/gcc/arm-none-eabi/12.3.1/../../../../arm-none-eabi/lib/thumb/v7e-m/nofp/libc_nano.a(libc_a-findfp.o)
                0x08006254                __sfp_lock_acquire
 .text.__sfp_lock_release
                0x08006260        0xc /home/leandro/st/stm32cubeide_1.10.1/plugins/com.st.stm32cube.ide.mcu.externaltools.gnu-tools-for-stm32.12.3.rel1.linux64_1.0.200.202406132123/tools/bin/../lib/gcc/arm-none-eabi/12.3.1/../../../../arm-none-eabi/lib/thumb/v7e-m/nofp/libc_nano.a(libc_a-findfp.o)
                0x08006260                __sfp_lock_release
 .text.__sinit  0x0800626c       0x30 /home/leandro/st/stm32cubeide_1.10.1/plugins/com.st.stm32cube.ide.mcu.externaltools.gnu-tools-for-stm32.12.3.rel1.linux64_1.0.200.202406132123/tools/bin/../lib/gcc/arm-none-eabi/12.3.1/../../../../arm-none-eabi/lib/thumb/v7e-m/nofp/libc_nano.a(libc_a-findfp.o)
                0x0800626c                __sinit
 .text._fwalk_sglue
                0x0800629c       0x3c /home/leandro/st/stm32cubeide_1.10.1/plugins/com.st.stm32cube.ide.mcu.externaltools.gnu-tools-for-stm32.12.3.rel1.linux64_1.0.200.202406132123/tools/bin/../lib/gcc/arm-none-eabi/12.3.1/../../../../arm-none-eabi/lib/thumb/v7e-m/nofp/libc_nano.a(libc_a-fwalk.o)
                0x0800629c                _fwalk_sglue
 .text.sprintf  0x080062d8       0x40 /home/leandro/st/stm32cubeide_1.10.1/plugins/com.st.stm32cube.ide.mcu.externaltools.gnu-tools-for-stm32.12.3.rel1.linux64_1.0.200.202406132123/tools/bin/../lib/gcc/arm-none-eabi/12.3.1/../../../../arm-none-eabi/lib/thumb/v7e-m/nofp/libc_nano.a(libc_a-sprintf.o)
                0x080062d8                sprintf
                0x080062d8                siprintf
 .text.__sread  0x08006318       0x22 /home/leandro/st/stm32cubeide_1.10.1/plugins/com.st.stm32cube.ide.mcu.externaltools.gnu-tools-for-stm32.12.3.rel1.linux64_1.0.200.202406132123/tools/bin/../lib/gcc/arm-none-eabi/12.3.1/../../../../arm-none-eabi/lib/thumb/v7e-m/nofp/libc_nano.a(libc_a-stdio.o)
                0x08006318                __sread
 .text.__swrite
                0x0800633a       0x38 /home/leandro/st/stm32cubeide_1.10.1/plugins/com.st.stm32cube.ide.mcu.externaltools.gnu-tools-for-stm32.12.3.rel1.linux64_1.0.200.202406132123/tools/bin/../lib/gcc/arm-none-eabi/12.3.1/../../../../arm-none-eabi/lib/thumb/v7e-m/nofp/libc_nano.a(libc_a-stdio.o)
                0x0800633a                __swrite
 .text.__sseek  0x08006372       0x24 /home/leandro/st/stm32cubeide_1.10.1/plugins/com.st.stm32cube.ide.mcu.externaltools.gnu-tools-for-stm32.12.3.rel1.linux64_1.0.200.202406132123/tools/bin/../lib/gcc/arm-none-eabi/12.3.1/../../../../arm-none-eabi/lib/thumb/v7e-m/nofp/libc_nano.a(libc_a-stdio.o)
                0x08006372                __sseek
 .text.__sclose
                0x08006396        0x8 /home/leandro/st/stm32cubeide_1.10.1/plugins/com.st.stm32cube.ide.mcu.externaltools.gnu-tools-for-stm32.12.3.rel1.linux64_1.0.200.202406132123/tools/bin/../lib/gcc/arm-none-eabi/12.3.1/../../../../arm-none-eabi/lib/thumb/v7e-m/nofp/libc_nano.a(libc_a-stdio.o)
                0x08006396                __sclose
 .text.memset   0x0800639e       0x10 /home/leandro/st/stm32cubeide_1.10.1/plugins/com.st.stm32cube.ide.mcu.externaltools.gnu-tools-for-stm32.12.3.rel1.linux64_1.0.200.202406132123/tools/bin/../lib/gcc/arm-none-eabi/12.3.1/../../../../arm-none-eabi/lib/thumb/v7e-m/nofp/libc_nano.a(libc_a-memset.o)
                0x0800639e                memset
 *fill*         0x080063ae        0x2 
 .text._localeconv_r
                0x080063b0        0x8 /home/leandro/st/stm32cubeide_1.10.1/plugins/com.st.stm32cube.ide.mcu.externaltools.gnu-tools-for-stm32.12.3.rel1.linux64_1.0.200.202406132123/tools/bin/../lib/gcc/arm-none-eabi/12.3.1/../../../../arm-none-eabi/lib/thumb/v7e-m/nofp/libc_nano.a(libc_a-localeconv.o)
                0x080063b0                _localeconv_r
 .text._close_r
                0x080063b8       0x20 /home/leandro/st/stm32cubeide_1.10.1/plugins/com.st.stm32cube.ide.mcu.externaltools.gnu-tools-for-stm32.12.3.rel1.linux64_1.0.200.202406132123/tools/bin/../lib/gcc/arm-none-eabi/12.3.1/../../../../arm-none-eabi/lib/thumb/v7e-m/nofp/libc_nano.a(libc_a-closer.o)
                0x080063b8                _close_r
 .text._lseek_r
                0x080063d8       0x24 /home/leandro/st/stm32cubeide_1.10.1/plugins/com.st.stm32cube.ide.mcu.externaltools.gnu-tools-for-stm32.12.3.rel1.linux64_1.0.200.202406132123/tools/bin/../lib/gcc/arm-none-eabi/12.3.1/../../../../arm-none-eabi/lib/thumb/v7e-m/nofp/libc_nano.a(libc_a-lseekr.o)
                0x080063d8                _lseek_r
 .text._read_r  0x080063fc       0x24 /home/leandro/st/stm32cubeide_1.10.1/plugins/com.st.stm32cube.ide.mcu.externaltools.gnu-tools-for-stm32.12.3.rel1.linux64_1.0.200.202406132123/tools/bin/../lib/gcc/arm-none-eabi/12.3.1/../../../../arm-none-eabi/lib/thumb/v7e-m/nofp/libc_nano.a(libc_a-readr.o)
                0x080063fc                _read_r
 .text._write_r
                0x08006420       0x24 /home/leandro/st/stm32cubeide_1.10.1/plugins/com.st.stm32cube.ide.mcu.externaltools.gnu-tools-for-stm32.12.3.rel1.linux64_1.0.200.202406132123/tools/bin/../lib/gcc/arm-none-eabi/12.3.1/../../../../arm-none-eabi/lib/thumb/v7e-m/nofp/libc_nano.a(libc_a-writer.o)
                0x08006420                _write_r
 .text.__errno  0x08006444        0xc /home/leandro/st/stm32cubeide_1.10.1/plugins/com.st.stm32cube.ide.mcu.externaltools.gnu-tools-for-stm32.12.3.rel1.linux64_1.0.200.202406132123/tools/bin/../lib/gcc/arm-none-eabi/12.3.1/../../../../arm-none-eabi/lib/thumb/v7e-m/nofp/libc_nano.a(libc_a-errno.o)
                0x08006444                __errno
 .text.__libc_init_array
                0x08006450       0x48 /home/leandro/st/stm32cubeide_1.10.1/plugins/com.st.stm32cube.ide.mcu.externaltools.gnu-tools-for-stm32.12.3.rel1.linux64_1.0.200.202406132123/tools/bin/../lib/gcc/arm-none-eabi/12.3.1/../../../../arm-none-eabi/lib/thumb/v7e-m/nofp/libc_nano.a(libc_a-init.o)
                0x08006450                __libc_init_array
 .text.__retarget_lock_init_recursive
                0x08006498        0x2 /home/leandro/st/stm32cubeide_1.10.1/plugins/com.st.stm32cube.ide.mcu.externaltools.gnu-tools-for-stm32.12.3.rel1.linux64_1.0.200.202406132123/tools/bin/../lib/gcc/arm-none-eabi/12.3.1/../../../../arm-none-eabi/lib/thumb/v7e-m/nofp/libc_nano.a(libc_a-lock.o)
                0x08006498                __retarget_lock_init_recursive
 .text.__retarget_lock_acquire_recursive
                0x0800649a        0x2 /home/leandro/st/stm32cubeide_1.10.1/plugins/com.st.stm32cube.ide.mcu.externaltools.gnu-tools-for-stm32.12.3.rel1.linux64_1.0.200.202406132123/tools/bin/../lib/gcc/arm-none-eabi/12.3.1/../../../../arm-none-eabi/lib/thumb/v7e-m/nofp/libc_nano.a(libc_a-lock.o)
                0x0800649a                __retarget_lock_acquire_recursive
 .text.__retarget_lock_release_recursive
                0x0800649c        0x2 /home/leandro/st/stm32cubeide_1.10.1/plugins/com.st.stm32cube.ide.mcu.externaltools.gnu-tools-for-stm32.12.3.rel1.linux64_1.0.200.202406132123/tools/bin/../lib/gcc/arm-none-eabi/12.3.1/../../../../arm-none-eabi/lib/thumb/v7e-m/nofp/libc_nano.a(libc_a-lock.o)
                0x0800649c                __retarget_lock_release_recursive
 *fill*         0x0800649e        0x2 
 .text.nanf     0x080064a0        0x8 /home/leandro/st/stm32cubeide_1.10.1/plugins/com.st.stm32cube.ide.mcu.externaltools.gnu-tools-for-stm32.12.3.rel1.linux64_1.0.200.202406132123/tools/bin/../lib/gcc/arm-none-eabi/12.3.1/../../../../arm-none-eabi/lib/thumb/v7e-m/nofp/libc_nano.a(libm_a-sf_nan.o)
                0x080064a0                nanf
 .text.quorem   0x080064a8      0x110 /home/leandro/st/stm32cubeide_1.10.1/plugins/com.st.stm32cube.ide.mcu.externaltools.gnu-tools-for-stm32.12.3.rel1.linux64_1.0.200.202406132123/tools/bin/../lib/gcc/arm-none-eabi/12.3.1/../../../../arm-none-eabi/lib/thumb/v7e-m/nofp/libc_nano.a(libc_a-dtoa.o)
 .text._dtoa_r  0x080065b8      0xb90 /home/leandro/st/stm32cubeide_1.10.1/plugins/com.st.stm32cube.ide.mcu.externaltools.gnu-tools-for-stm32.12.3.rel1.linux64_1.0.200.202406132123/tools/bin/../lib/gcc/arm-none-eabi/12.3.1/../../../../arm-none-eabi/lib/thumb/v7e-m/nofp/libc_nano.a(libc_a-dtoa.o)
                0x080065b8                _dtoa_r
 .text._free_r  0x08007148       0x94 /home/leandro/st/stm32cubeide_1.10.1/plugins/com.st.stm32cube.ide.mcu.externaltools.gnu-tools-for-stm32.12.3.rel1.linux64_1.0.200.202406132123/tools/bin/../lib/gcc/arm-none-eabi/12.3.1/../../../../arm-none-eabi/lib/thumb/v7e-m/nofp/libc_nano.a(libc_a-freer.o)
                0x08007148                _free_r
 .text.malloc   0x080071dc       0x10 /home/leandro/st/stm32cubeide_1.10.1/plugins/com.st.stm32cube.ide.mcu.externaltools.gnu-tools-for-stm32.12.3.rel1.linux64_1.0.200.202406132123/tools/bin/../lib/gcc/arm-none-eabi/12.3.1/../../../../arm-none-eabi/lib/thumb/v7e-m/nofp/libc_nano.a(libc_a-malloc.o)
                0x080071dc                malloc
 .text.sbrk_aligned
                0x080071ec       0x44 /home/leandro/st/stm32cubeide_1.10.1/plugins/com.st.stm32cube.ide.mcu.externaltools.gnu-tools-for-stm32.12.3.rel1.linux64_1.0.200.202406132123/tools/bin/../lib/gcc/arm-none-eabi/12.3.1/../../../../arm-none-eabi/lib/thumb/v7e-m/nofp/libc_nano.a(libc_a-mallocr.o)
 .text._malloc_r
                0x08007230      0x100 /home/leandro/st/stm32cubeide_1.10.1/plugins/com.st.stm32cube.ide.mcu.externaltools.gnu-tools-for-stm32.12.3.rel1.linux64_1.0.200.202406132123/tools/bin/../lib/gcc/arm-none-eabi/12.3.1/../../../../arm-none-eabi/lib/thumb/v7e-m/nofp/libc_nano.a(libc_a-mallocr.o)
                0x08007230                _malloc_r
 .text.__malloc_lock
                0x08007330        0xc /home/leandro/st/stm32cubeide_1.10.1/plugins/com.st.stm32cube.ide.mcu.externaltools.gnu-tools-for-stm32.12.3.rel1.linux64_1.0.200.202406132123/tools/bin/../lib/gcc/arm-none-eabi/12.3.1/../../../../arm-none-eabi/lib/thumb/v7e-m/nofp/libc_nano.a(libc_a-mlock.o)
                0x08007330                __malloc_lock
 .text.__malloc_unlock
                0x0800733c        0xc /home/leandro/st/stm32cubeide_1.10.1/plugins/com.st.stm32cube.ide.mcu.externaltools.gnu-tools-for-stm32.12.3.rel1.linux64_1.0.200.202406132123/tools/bin/../lib/gcc/arm-none-eabi/12.3.1/../../../../arm-none-eabi/lib/thumb/v7e-m/nofp/libc_nano.a(libc_a-mlock.o)
                0x0800733c                __malloc_unlock
 .text._Balloc  0x08007348       0x80 /home/leandro/st/stm32cubeide_1.10.1/plugins/com.st.stm32cube.ide.mcu.externaltools.gnu-tools-for-stm32.12.3.rel1.linux64_1.0.200.202406132123/tools/bin/../lib/gcc/arm-none-eabi/12.3.1/../../../../arm-none-eabi/lib/thumb/v7e-m/nofp/libc_nano.a(libc_a-mprec.o)
                0x08007348                _Balloc
 .text._Bfree   0x080073c8       0x44 /home/leandro/st/stm32cubeide_1.10.1/plugins/com.st.stm32cube.ide.mcu.externaltools.gnu-tools-for-stm32.12.3.rel1.linux64_1.0.200.202406132123/tools/bin/../lib/gcc/arm-none-eabi/12.3.1/../../../../arm-none-eabi/lib/thumb/v7e-m/nofp/libc_nano.a(libc_a-mprec.o)
                0x080073c8                _Bfree
 .text.__multadd
                0x0800740c       0x8c /home/leandro/st/stm32cubeide_1.10.1/plugins/com.st.stm32cube.ide.mcu.externaltools.gnu-tools-for-stm32.12.3.rel1.linux64_1.0.200.202406132123/tools/bin/../lib/gcc/arm-none-eabi/12.3.1/../../../../arm-none-eabi/lib/thumb/v7e-m/nofp/libc_nano.a(libc_a-mprec.o)
                0x0800740c                __multadd
 .text.__s2b    0x08007498       0x94 /home/leandro/st/stm32cubeide_1.10.1/plugins/com.st.stm32cube.ide.mcu.externaltools.gnu-tools-for-stm32.12.3.rel1.linux64_1.0.200.202406132123/tools/bin/../lib/gcc/arm-none-eabi/12.3.1/../../../../arm-none-eabi/lib/thumb/v7e-m/nofp/libc_nano.a(libc_a-mprec.o)
                0x08007498                __s2b
 .text.__hi0bits
                0x0800752c       0x3e /home/leandro/st/stm32cubeide_1.10.1/plugins/com.st.stm32cube.ide.mcu.externaltools.gnu-tools-for-stm32.12.3.rel1.linux64_1.0.200.202406132123/tools/bin/../lib/gcc/arm-none-eabi/12.3.1/../../../../arm-none-eabi/lib/thumb/v7e-m/nofp/libc_nano.a(libc_a-mprec.o)
                0x0800752c                __hi0bits
 .text.__lo0bits
                0x0800756a       0x5a /home/leandro/st/stm32cubeide_1.10.1/plugins/com.st.stm32cube.ide.mcu.externaltools.gnu-tools-for-stm32.12.3.rel1.linux64_1.0.200.202406132123/tools/bin/../lib/gcc/arm-none-eabi/12.3.1/../../../../arm-none-eabi/lib/thumb/v7e-m/nofp/libc_nano.a(libc_a-mprec.o)
                0x0800756a                __lo0bits
 .text.__i2b    0x080075c4       0x2c /home/leandro/st/stm32cubeide_1.10.1/plugins/com.st.stm32cube.ide.mcu.externaltools.gnu-tools-for-stm32.12.3.rel1.linux64_1.0.200.202406132123/tools/bin/../lib/gcc/arm-none-eabi/12.3.1/../../../../arm-none-eabi/lib/thumb/v7e-m/nofp/libc_nano.a(libc_a-mprec.o)
                0x080075c4                __i2b
 .text.__multiply
                0x080075f0      0x154 /home/leandro/st/stm32cubeide_1.10.1/plugins/com.st.stm32cube.ide.mcu.externaltools.gnu-tools-for-stm32.12.3.rel1.linux64_1.0.200.202406132123/tools/bin/../lib/gcc/arm-none-eabi/12.3.1/../../../../arm-none-eabi/lib/thumb/v7e-m/nofp/libc_nano.a(libc_a-mprec.o)
                0x080075f0                __multiply
 .text.__pow5mult
                0x08007744       0xb4 /home/leandro/st/stm32cubeide_1.10.1/plugins/com.st.stm32cube.ide.mcu.externaltools.gnu-tools-for-stm32.12.3.rel1.linux64_1.0.200.202406132123/tools/bin/../lib/gcc/arm-none-eabi/12.3.1/../../../../arm-none-eabi/lib/thumb/v7e-m/nofp/libc_nano.a(libc_a-mprec.o)
                0x08007744                __pow5mult
 .text.__lshift
                0x080077f8       0xd8 /home/leandro/st/stm32cubeide_1.10.1/plugins/com.st.stm32cube.ide.mcu.externaltools.gnu-tools-for-stm32.12.3.rel1.linux64_1.0.200.202406132123/tools/bin/../lib/gcc/arm-none-eabi/12.3.1/../../../../arm-none-eabi/lib/thumb/v7e-m/nofp/libc_nano.a(libc_a-mprec.o)
                0x080077f8                __lshift
 .text.__mcmp   0x080078d0       0x36 /home/leandro/st/stm32cubeide_1.10.1/plugins/com.st.stm32cube.ide.mcu.externaltools.gnu-tools-for-stm32.12.3.rel1.linux64_1.0.200.202406132123/tools/bin/../lib/gcc/arm-none-eabi/12.3.1/../../../../arm-none-eabi/lib/thumb/v7e-m/nofp/libc_nano.a(libc_a-mprec.o)
                0x080078d0                __mcmp
 *fill*         0x08007906        0x2 
 .text.__mdiff  0x08007908      0x124 /home/leandro/st/stm32cubeide_1.10.1/plugins/com.st.stm32cube.ide.mcu.externaltools.gnu-tools-for-stm32.12.3.rel1.linux64_1.0.200.202406132123/tools/bin/../lib/gcc/arm-none-eabi/12.3.1/../../../../arm-none-eabi/lib/thumb/v7e-m/nofp/libc_nano.a(libc_a-mprec.o)
                0x08007908                __mdiff
 .text.__ulp    0x08007a2c       0x40 /home/leandro/st/stm32cubeide_1.10.1/plugins/com.st.stm32cube.ide.mcu.externaltools.gnu-tools-for-stm32.12.3.rel1.linux64_1.0.200.202406132123/tools/bin/../lib/gcc/arm-none-eabi/12.3.1/../../../../arm-none-eabi/lib/thumb/v7e-m/nofp/libc_nano.a(libc_a-mprec.o)
                0x08007a2c                __ulp
 .text.__b2d    0x08007a6c       0x94 /home/leandro/st/stm32cubeide_1.10.1/plugins/com.st.stm32cube.ide.mcu.externaltools.gnu-tools-for-stm32.12.3.rel1.linux64_1.0.200.202406132123/tools/bin/../lib/gcc/arm-none-eabi/12.3.1/../../../../arm-none-eabi/lib/thumb/v7e-m/nofp/libc_nano.a(libc_a-mprec.o)
                0x08007a6c                __b2d
 .text.__d2b    0x08007b00       0xb0 /home/leandro/st/stm32cubeide_1.10.1/plugins/com.st.stm32cube.ide.mcu.externaltools.gnu-tools-for-stm32.12.3.rel1.linux64_1.0.200.202406132123/tools/bin/../lib/gcc/arm-none-eabi/12.3.1/../../../../arm-none-eabi/lib/thumb/v7e-m/nofp/libc_nano.a(libc_a-mprec.o)
                0x08007b00                __d2b
 .text.__ratio  0x08007bb0       0x60 /home/leandro/st/stm32cubeide_1.10.1/plugins/com.st.stm32cube.ide.mcu.externaltools.gnu-tools-for-stm32.12.3.rel1.linux64_1.0.200.202406132123/tools/bin/../lib/gcc/arm-none-eabi/12.3.1/../../../../arm-none-eabi/lib/thumb/v7e-m/nofp/libc_nano.a(libc_a-mprec.o)
                0x08007bb0                __ratio
 .text.__copybits
                0x08007c10       0x46 /home/leandro/st/stm32cubeide_1.10.1/plugins/com.st.stm32cube.ide.mcu.externaltools.gnu-tools-for-stm32.12.3.rel1.linux64_1.0.200.202406132123/tools/bin/../lib/gcc/arm-none-eabi/12.3.1/../../../../arm-none-eabi/lib/thumb/v7e-m/nofp/libc_nano.a(libc_a-mprec.o)
                0x08007c10                __copybits
 .text.__any_on
                0x08007c56       0x42 /home/leandro/st/stm32cubeide_1.10.1/plugins/com.st.stm32cube.ide.mcu.externaltools.gnu-tools-for-stm32.12.3.rel1.linux64_1.0.200.202406132123/tools/bin/../lib/gcc/arm-none-eabi/12.3.1/../../../../arm-none-eabi/lib/thumb/v7e-m/nofp/libc_nano.a(libc_a-mprec.o)
                0x08007c56                __any_on
 .text.sulp     0x08007c98       0x42 /home/leandro/st/stm32cubeide_1.10.1/plugins/com.st.stm32cube.ide.mcu.externaltools.gnu-tools-for-stm32.12.3.rel1.linux64_1.0.200.202406132123/tools/bin/../lib/gcc/arm-none-eabi/12.3.1/../../../../arm-none-eabi/lib/thumb/v7e-m/nofp/libc_nano.a(libc_a-strtod.o)
 *fill*         0x08007cda        0x6 
 .text._strtod_l
                0x08007ce0      0xba8 /home/leandro/st/stm32cubeide_1.10.1/plugins/com.st.stm32cube.ide.mcu.externaltools.gnu-tools-for-stm32.12.3.rel1.linux64_1.0.200.202406132123/tools/bin/../lib/gcc/arm-none-eabi/12.3.1/../../../../arm-none-eabi/lib/thumb/v7e-m/nofp/libc_nano.a(libc_a-strtod.o)
                0x08007ce0                _strtod_l
 .text._strtod_r
                0x08008888        0xc /home/leandro/st/stm32cubeide_1.10.1/plugins/com.st.stm32cube.ide.mcu.externaltools.gnu-tools-for-stm32.12.3.rel1.linux64_1.0.200.202406132123/tools/bin/../lib/gcc/arm-none-eabi/12.3.1/../../../../arm-none-eabi/lib/thumb/v7e-m/nofp/libc_nano.a(libc_a-strtod.o)
                0x08008888                _strtod_r
 .text._strtol_l.constprop.0
                0x08008894       0xf4 /home/leandro/st/stm32cubeide_1.10.1/plugins/com.st.stm32cube.ide.mcu.externaltools.gnu-tools-for-stm32.12.3.rel1.linux64_1.0.200.202406132123/tools/bin/../lib/gcc/arm-none-eabi/12.3.1/../../../../arm-none-eabi/lib/thumb/v7e-m/nofp/libc_nano.a(libc_a-strtol.o)
 .text._strtol_r
                0x08008988        0x4 /home/leandro/st/stm32cubeide_1.10.1/plugins/com.st.stm32cube.ide.mcu.externaltools.gnu-tools-for-stm32.12.3.rel1.linux64_1.0.200.202406132123/tools/bin/../lib/gcc/arm-none-eabi/12.3.1/../../../../arm-none-eabi/lib/thumb/v7e-m/nofp/libc_nano.a(libc_a-strtol.o)
                0x08008988                _strtol_r
 .text.__ssputs_r
                0x0800898c       0xb6 /home/leandro/st/stm32cubeide_1.10.1/plugins/com.st.stm32cube.ide.mcu.externaltools.gnu-tools-for-stm32.12.3.rel1.linux64_1.0.200.202406132123/tools/bin/../lib/gcc/arm-none-eabi/12.3.1/../../../../arm-none-eabi/lib/thumb/v7e-m/nofp/libc_nano.a(libc_a-nano-svfprintf.o)
                0x0800898c                __ssputs_r
 *fill*         0x08008a42        0x2 
 .text._svfprintf_r
                0x08008a44      0x1f8 /home/leandro/st/stm32cubeide_1.10.1/plugins/com.st.stm32cube.ide.mcu.externaltools.gnu-tools-for-stm32.12.3.rel1.linux64_1.0.200.202406132123/tools/bin/../lib/gcc/arm-none-eabi/12.3.1/../../../../arm-none-eabi/lib/thumb/v7e-m/nofp/libc_nano.a(libc_a-nano-svfprintf.o)
                0x08008a44                _svfprintf_r
                0x08008a44                _svfiprintf_r
 .text.__sflush_r
                0x08008c3c      0x100 /home/leandro/st/stm32cubeide_1.10.1/plugins/com.st.stm32cube.ide.mcu.externaltools.gnu-tools-for-stm32.12.3.rel1.linux64_1.0.200.202406132123/tools/bin/../lib/gcc/arm-none-eabi/12.3.1/../../../../arm-none-eabi/lib/thumb/v7e-m/nofp/libc_nano.a(libc_a-fflush.o)
                0x08008c3c                __sflush_r
 .text._fflush_r
                0x08008d3c       0x50 /home/leandro/st/stm32cubeide_1.10.1/plugins/com.st.stm32cube.ide.mcu.externaltools.gnu-tools-for-stm32.12.3.rel1.linux64_1.0.200.202406132123/tools/bin/../lib/gcc/arm-none-eabi/12.3.1/../../../../arm-none-eabi/lib/thumb/v7e-m/nofp/libc_nano.a(libc_a-fflush.o)
                0x08008d3c                _fflush_r
 .text.memmove  0x08008d8c       0x34 /home/leandro/st/stm32cubeide_1.10.1/plugins/com.st.stm32cube.ide.mcu.externaltools.gnu-tools-for-stm32.12.3.rel1.linux64_1.0.200.202406132123/tools/bin/../lib/gcc/arm-none-eabi/12.3.1/../../../../arm-none-eabi/lib/thumb/v7e-m/nofp/libc_nano.a(libc_a-memmove.o)
                0x08008d8c                memmove
 .text.strncmp  0x08008dc0       0x24 /home/leandro/st/stm32cubeide_1.10.1/plugins/com.st.stm32cube.ide.mcu.externaltools.gnu-tools-for-stm32.12.3.rel1.linux64_1.0.200.202406132123/tools/bin/../lib/gcc/arm-none-eabi/12.3.1/../../../../arm-none-eabi/lib/thumb/v7e-m/nofp/libc_nano.a(libc_a-strncmp.o)
                0x08008dc0                strncmp
 .text._sbrk_r  0x08008de4       0x20 /home/leandro/st/stm32cubeide_1.10.1/plugins/com.st.stm32cube.ide.mcu.externaltools.gnu-tools-for-stm32.12.3.rel1.linux64_1.0.200.202406132123/tools/bin/../lib/gcc/arm-none-eabi/12.3.1/../../../../arm-none-eabi/lib/thumb/v7e-m/nofp/libc_nano.a(libc_a-sbrkr.o)
                0x08008de4                _sbrk_r
 .text.memcpy   0x08008e04       0x1c /home/leandro/st/stm32cubeide_1.10.1/plugins/com.st.stm32cube.ide.mcu.externaltools.gnu-tools-for-stm32.12.3.rel1.linux64_1.0.200.202406132123/tools/bin/../lib/gcc/arm-none-eabi/12.3.1/../../../../arm-none-eabi/lib/thumb/v7e-m/nofp/libc_nano.a(libc_a-memcpy-stub.o)
                0x08008e04                memcpy
 .text.nan      0x08008e20        0xc /home/leandro/st/stm32cubeide_1.10.1/plugins/com.st.stm32cube.ide.mcu.externaltools.gnu-tools-for-stm32.12.3.rel1.linux64_1.0.200.202406132123/tools/bin/../lib/gcc/arm-none-eabi/12.3.1/../../../../arm-none-eabi/lib/thumb/v7e-m/nofp/libc_nano.a(libm_a-s_nan.o)
                0x08008e20                nan
 .text.__assert_func
                0x08008e2c       0x3c /home/leandro/st/stm32cubeide_1.10.1/plugins/com.st.stm32cube.ide.mcu.externaltools.gnu-tools-for-stm32.12.3.rel1.linux64_1.0.200.202406132123/tools/bin/../lib/gcc/arm-none-eabi/12.3.1/../../../../arm-none-eabi/lib/thumb/v7e-m/nofp/libc_nano.a(libc_a-assert.o)
                0x08008e2c                __assert_func
 .text._calloc_r
                0x08008e68       0x28 /home/leandro/st/stm32cubeide_1.10.1/plugins/com.st.stm32cube.ide.mcu.externaltools.gnu-tools-for-stm32.12.3.rel1.linux64_1.0.200.202406132123/tools/bin/../lib/gcc/arm-none-eabi/12.3.1/../../../../arm-none-eabi/lib/thumb/v7e-m/nofp/libc_nano.a(libc_a-callocr.o)
                0x08008e68                _calloc_r
 .text.rshift   0x08008e90       0xa4 /home/leandro/st/stm32cubeide_1.10.1/plugins/com.st.stm32cube.ide.mcu.externaltools.gnu-tools-for-stm32.12.3.rel1.linux64_1.0.200.202406132123/tools/bin/../lib/gcc/arm-none-eabi/12.3.1/../../../../arm-none-eabi/lib/thumb/v7e-m/nofp/libc_nano.a(libc_a-gdtoa-gethex.o)
 .text.__hexdig_fun
                0x08008f34       0x2a /home/leandro/st/stm32cubeide_1.10.1/plugins/com.st.stm32cube.ide.mcu.externaltools.gnu-tools-for-stm32.12.3.rel1.linux64_1.0.200.202406132123/tools/bin/../lib/gcc/arm-none-eabi/12.3.1/../../../../arm-none-eabi/lib/thumb/v7e-m/nofp/libc_nano.a(libc_a-gdtoa-gethex.o)
                0x08008f34                __hexdig_fun
 *fill*         0x08008f5e        0x2 
 .text.__gethex
                0x08008f60      0x420 /home/leandro/st/stm32cubeide_1.10.1/plugins/com.st.stm32cube.ide.mcu.externaltools.gnu-tools-for-stm32.12.3.rel1.linux64_1.0.200.202406132123/tools/bin/../lib/gcc/arm-none-eabi/12.3.1/../../../../arm-none-eabi/lib/thumb/v7e-m/nofp/libc_nano.a(libc_a-gdtoa-gethex.o)
                0x08008f60                __gethex
 .text.L_shift  0x08009380       0x24 /home/leandro/st/stm32cubeide_1.10.1/plugins/com.st.stm32cube.ide.mcu.externaltools.gnu-tools-for-stm32.12.3.rel1.linux64_1.0.200.202406132123/tools/bin/../lib/gcc/arm-none-eabi/12.3.1/../../../../arm-none-eabi/lib/thumb/v7e-m/nofp/libc_nano.a(libc_a-gdtoa-hexnan.o)
 .text.__match  0x080093a4       0x28 /home/leandro/st/stm32cubeide_1.10.1/plugins/com.st.stm32cube.ide.mcu.externaltools.gnu-tools-for-stm32.12.3.rel1.linux64_1.0.200.202406132123/tools/bin/../lib/gcc/arm-none-eabi/12.3.1/../../../../arm-none-eabi/lib/thumb/v7e-m/nofp/libc_nano.a(libc_a-gdtoa-hexnan.o)
                0x080093a4                __match
 .text.__hexnan
                0x080093cc      0x136 /home/leandro/st/stm32cubeide_1.10.1/plugins/com.st.stm32cube.ide.mcu.externaltools.gnu-tools-for-stm32.12.3.rel1.linux64_1.0.200.202406132123/tools/bin/../lib/gcc/arm-none-eabi/12.3.1/../../../../arm-none-eabi/lib/thumb/v7e-m/nofp/libc_nano.a(libc_a-gdtoa-hexnan.o)
                0x080093cc                __hexnan
 .text.__ascii_mbtowc
                0x08009502       0x24 /home/leandro/st/stm32cubeide_1.10.1/plugins/com.st.stm32cube.ide.mcu.externaltools.gnu-tools-for-stm32.12.3.rel1.linux64_1.0.200.202406132123/tools/bin/../lib/gcc/arm-none-eabi/12.3.1/../../../../arm-none-eabi/lib/thumb/v7e-m/nofp/libc_nano.a(libc_a-mbtowc_r.o)
                0x08009502                __ascii_mbtowc
 .text._realloc_r
                0x08009526       0x5c /home/leandro/st/stm32cubeide_1.10.1/plugins/com.st.stm32cube.ide.mcu.externaltools.gnu-tools-for-stm32.12.3.rel1.linux64_1.0.200.202406132123/tools/bin/../lib/gcc/arm-none-eabi/12.3.1/../../../../arm-none-eabi/lib/thumb/v7e-m/nofp/libc_nano.a(libc_a-reallocr.o)
                0x08009526                _realloc_r
 .text.__ascii_wctomb
                0x08009582       0x1a /home/leandro/st/stm32cubeide_1.10.1/plugins/com.st.stm32cube.ide.mcu.externaltools.gnu-tools-for-stm32.12.3.rel1.linux64_1.0.200.202406132123/tools/bin/../lib/gcc/arm-none-eabi/12.3.1/../../../../arm-none-eabi/lib/thumb/v7e-m/nofp/libc_nano.a(libc_a-wctomb_r.o)
                0x08009582                __ascii_wctomb
 .text.fprintf  0x0800959c       0x24 /home/leandro/st/stm32cubeide_1.10.1/plugins/com.st.stm32cube.ide.mcu.externaltools.gnu-tools-for-stm32.12.3.rel1.linux64_1.0.200.202406132123/tools/bin/../lib/gcc/arm-none-eabi/12.3.1/../../../../arm-none-eabi/lib/thumb/v7e-m/nofp/libc_nano.a(libc_a-fprintf.o)
                0x0800959c                fprintf
                0x0800959c                fiprintf
 .text.abort    0x080095c0        0xe /home/leandro/st/stm32cubeide_1.10.1/plugins/com.st.stm32cube.ide.mcu.externaltools.gnu-tools-for-stm32.12.3.rel1.linux64_1.0.200.202406132123/tools/bin/../lib/gcc/arm-none-eabi/12.3.1/../../../../arm-none-eabi/lib/thumb/v7e-m/nofp/libc_nano.a(libc_a-abort.o)
                0x080095c0                abort
 .text._malloc_usable_size_r
                0x080095ce       0x10 /home/leandro/st/stm32cubeide_1.10.1/plugins/com.st.stm32cube.ide.mcu.externaltools.gnu-tools-for-stm32.12.3.rel1.linux64_1.0.200.202406132123/tools/bin/../lib/gcc/arm-none-eabi/12.3.1/../../../../arm-none-eabi/lib/thumb/v7e-m/nofp/libc_nano.a(libc_a-msizer.o)
                0x080095ce                _malloc_usable_size_r
 .text.__sfputc_r
                0x080095de       0x2a /home/leandro/st/stm32cubeide_1.10.1/plugins/com.st.stm32cube.ide.mcu.externaltools.gnu-tools-for-stm32.12.3.rel1.linux64_1.0.200.202406132123/tools/bin/../lib/gcc/arm-none-eabi/12.3.1/../../../../arm-none-eabi/lib/thumb/v7e-m/nofp/libc_nano.a(libc_a-nano-vfprintf.o)
 .text.__sfputs_r
                0x08009608       0x24 /home/leandro/st/stm32cubeide_1.10.1/plugins/com.st.stm32cube.ide.mcu.externaltools.gnu-tools-for-stm32.12.3.rel1.linux64_1.0.200.202406132123/tools/bin/../lib/gcc/arm-none-eabi/12.3.1/../../../../arm-none-eabi/lib/thumb/v7e-m/nofp/libc_nano.a(libc_a-nano-vfprintf.o)
                0x08009608                __sfputs_r
 .text._vfprintf_r
                0x0800962c      0x230 /home/leandro/st/stm32cubeide_1.10.1/plugins/com.st.stm32cube.ide.mcu.externaltools.gnu-tools-for-stm32.12.3.rel1.linux64_1.0.200.202406132123/tools/bin/../lib/gcc/arm-none-eabi/12.3.1/../../../../arm-none-eabi/lib/thumb/v7e-m/nofp/libc_nano.a(libc_a-nano-vfprintf.o)
                0x0800962c                _vfiprintf_r
                0x0800962c                _vfprintf_r
 .text.__swbuf_r
                0x0800985c       0x7c /home/leandro/st/stm32cubeide_1.10.1/plugins/com.st.stm32cube.ide.mcu.externaltools.gnu-tools-for-stm32.12.3.rel1.linux64_1.0.200.202406132123/tools/bin/../lib/gcc/arm-none-eabi/12.3.1/../../../../arm-none-eabi/lib/thumb/v7e-m/nofp/libc_nano.a(libc_a-wbuf.o)
                0x0800985c                __swbuf_r
 .text.__swsetup_r
                0x080098d8       0xac /home/leandro/st/stm32cubeide_1.10.1/plugins/com.st.stm32cube.ide.mcu.externaltools.gnu-tools-for-stm32.12.3.rel1.linux64_1.0.200.202406132123/tools/bin/../lib/gcc/arm-none-eabi/12.3.1/../../../../arm-none-eabi/lib/thumb/v7e-m/nofp/libc_nano.a(libc_a-wsetup.o)
                0x080098d8                __swsetup_r
 .text._raise_r
                0x08009984       0x50 /home/leandro/st/stm32cubeide_1.10.1/plugins/com.st.stm32cube.ide.mcu.externaltools.gnu-tools-for-stm32.12.3.rel1.linux64_1.0.200.202406132123/tools/bin/../lib/gcc/arm-none-eabi/12.3.1/../../../../arm-none-eabi/lib/thumb/v7e-m/nofp/libc_nano.a(libc_a-signal.o)
                0x08009984                _raise_r
 .text.raise    0x080099d4       0x10 /home/leandro/st/stm32cubeide_1.10.1/plugins/com.st.stm32cube.ide.mcu.externaltools.gnu-tools-for-stm32.12.3.rel1.linux64_1.0.200.202406132123/tools/bin/../lib/gcc/arm-none-eabi/12.3.1/../../../../arm-none-eabi/lib/thumb/v7e-m/nofp/libc_nano.a(libc_a-signal.o)
                0x080099d4                raise
 .text._kill_r  0x080099e4       0x24 /home/leandro/st/stm32cubeide_1.10.1/plugins/com.st.stm32cube.ide.mcu.externaltools.gnu-tools-for-stm32.12.3.rel1.linux64_1.0.200.202406132123/tools/bin/../lib/gcc/arm-none-eabi/12.3.1/../../../../arm-none-eabi/lib/thumb/v7e-m/nofp/libc_nano.a(libc_a-signalr.o)
                0x080099e4                _kill_r
 .text._getpid_r
                0x08009a08        0x4 /home/leandro/st/stm32cubeide_1.10.1/plugins/com.st.stm32cube.ide.mcu.externaltools.gnu-tools-for-stm32.12.3.rel1.linux64_1.0.200.202406132123/tools/bin/../lib/gcc/arm-none-eabi/12.3.1/../../../../arm-none-eabi/lib/thumb/v7e-m/nofp/libc_nano.a(libc_a-signalr.o)
                0x08009a08                _getpid_r
 .text.__swhatbuf_r
                0x08009a0c       0x4c /home/leandro/st/stm32cubeide_1.10.1/plugins/com.st.stm32cube.ide.mcu.externaltools.gnu-tools-for-stm32.12.3.rel1.linux64_1.0.200.202406132123/tools/bin/../lib/gcc/arm-none-eabi/12.3.1/../../../../arm-none-eabi/lib/thumb/v7e-m/nofp/libc_nano.a(libc_a-makebuf.o)
                0x08009a0c                __swhatbuf_r
 .text.__smakebuf_r
                0x08009a58       0x78 /home/leandro/st/stm32cubeide_1.10.1/plugins/com.st.stm32cube.ide.mcu.externaltools.gnu-tools-for-stm32.12.3.rel1.linux64_1.0.200.202406132123/tools/bin/../lib/gcc/arm-none-eabi/12.3.1/../../../../arm-none-eabi/lib/thumb/v7e-m/nofp/libc_nano.a(libc_a-makebuf.o)
                0x08009a58                __smakebuf_r
 .text._fstat_r
                0x08009ad0       0x24 /home/leandro/st/stm32cubeide_1.10.1/plugins/com.st.stm32cube.ide.mcu.externaltools.gnu-tools-for-stm32.12.3.rel1.linux64_1.0.200.202406132123/tools/bin/../lib/gcc/arm-none-eabi/12.3.1/../../../../arm-none-eabi/lib/thumb/v7e-m/nofp/libc_nano.a(libc_a-fstatr.o)
                0x08009ad0                _fstat_r
 .text._isatty_r
                0x08009af4       0x20 /home/leandro/st/stm32cubeide_1.10.1/plugins/com.st.stm32cube.ide.mcu.externaltools.gnu-tools-for-stm32.12.3.rel1.linux64_1.0.200.202406132123/tools/bin/../lib/gcc/arm-none-eabi/12.3.1/../../../../arm-none-eabi/lib/thumb/v7e-m/nofp/libc_nano.a(libc_a-isattyr.o)
                0x08009af4                _isatty_r
 *(.glue_7)
 .glue_7        0x08009b14        0x0 linker stubs
 *(.glue_7t)
 .glue_7t       0x08009b14        0x0 linker stubs
 *(.eh_frame)
 .eh_frame      0x08009b14        0x0 /home/leandro/st/stm32cubeide_1.10.1/plugins/com.st.stm32cube.ide.mcu.externaltools.gnu-tools-for-stm32.12.3.rel1.linux64_1.0.200.202406132123/tools/bin/../lib/gcc/arm-none-eabi/12.3.1/thumb/v7e-m/nofp/crtbegin.o
 *(.init)
 .init          0x08009b14        0x4 /home/leandro/st/stm32cubeide_1.10.1/plugins/com.st.stm32cube.ide.mcu.externaltools.gnu-tools-for-stm32.12.3.rel1.linux64_1.0.200.202406132123/tools/bin/../lib/gcc/arm-none-eabi/12.3.1/thumb/v7e-m/nofp/crti.o
                0x08009b14                _init
 .init          0x08009b18        0x8 /home/leandro/st/stm32cubeide_1.10.1/plugins/com.st.stm32cube.ide.mcu.externaltools.gnu-tools-for-stm32.12.3.rel1.linux64_1.0.200.202406132123/tools/bin/../lib/gcc/arm-none-eabi/12.3.1/thumb/v7e-m/nofp/crtn.o
 *(.fini)
 .fini          0x08009b20        0x4 /home/leandro/st/stm32cubeide_1.10.1/plugins/com.st.stm32cube.ide.mcu.externaltools.gnu-tools-for-stm32.12.3.rel1.linux64_1.0.200.202406132123/tools/bin/../lib/gcc/arm-none-eabi/12.3.1/thumb/v7e-m/nofp/crti.o
                0x08009b20                _fini
 .fini          0x08009b24        0x8 /home/leandro/st/stm32cubeide_1.10.1/plugins/com.st.stm32cube.ide.mcu.externaltools.gnu-tools-for-stm32.12.3.rel1.linux64_1.0.200.202406132123/tools/bin/../lib/gcc/arm-none-eabi/12.3.1/thumb/v7e-m/nofp/crtn.o
                0x08009b2c                        . = ALIGN (0x4)
                0x08009b2c                        _etext = .

.vfp11_veneer   0x08009b2c        0x0
 .vfp11_veneer  0x08009b2c        0x0 linker stubs

.v4_bx          0x08009b2c        0x0
 .v4_bx         0x08009b2c        0x0 linker stubs

.iplt           0x08009b2c        0x0
 .iplt          0x08009b2c        0x0 /home/leandro/st/stm32cubeide_1.10.1/plugins/com.st.stm32cube.ide.mcu.externaltools.gnu-tools-for-stm32.12.3.rel1.linux64_1.0.200.202406132123/tools/bin/../lib/gcc/arm-none-eabi/12.3.1/thumb/v7e-m/nofp/crtbegin.o

.rodata         0x08009b30      0x480
                0x08009b30                        . = ALIGN (0x4)
 *(.rodata)
 .rodata        0x08009b30       0x4f ./Src/main.o
 *(.rodata*)
 .rodata._printf_float.str1.1
                0x08009b7f       0x12 /home/leandro/st/stm32cubeide_1.10.1/plugins/com.st.stm32cube.ide.mcu.externaltools.gnu-tools-for-stm32.12.3.rel1.linux64_1.0.200.202406132123/tools/bin/../lib/gcc/arm-none-eabi/12.3.1/../../../../arm-none-eabi/lib/thumb/v7e-m/nofp/libc_nano.a(libc_a-nano-vfprintf_float.o)
 .rodata._printf_i.str1.1
                0x08009b91       0x22 /home/leandro/st/stm32cubeide_1.10.1/plugins/com.st.stm32cube.ide.mcu.externaltools.gnu-tools-for-stm32.12.3.rel1.linux64_1.0.200.202406132123/tools/bin/../lib/gcc/arm-none-eabi/12.3.1/../../../../arm-none-eabi/lib/thumb/v7e-m/nofp/libc_nano.a(libc_a-nano-vfprintf_i.o)
 .rodata._scanf_float.str1.1
                0x08009bb3        0x5 /home/leandro/st/stm32cubeide_1.10.1/plugins/com.st.stm32cube.ide.mcu.externaltools.gnu-tools-for-stm32.12.3.rel1.linux64_1.0.200.202406132123/tools/bin/../lib/gcc/arm-none-eabi/12.3.1/../../../../arm-none-eabi/lib/thumb/v7e-m/nofp/libc_nano.a(libc_a-nano-vfscanf_float.o)
                                  0x6 (size before relaxing)
 .rodata._dtoa_r.str1.1
                0x08009bb8       0x8d /home/leandro/st/stm32cubeide_1.10.1/plugins/com.st.stm32cube.ide.mcu.externaltools.gnu-tools-for-stm32.12.3.rel1.linux64_1.0.200.202406132123/tools/bin/../lib/gcc/arm-none-eabi/12.3.1/../../../../arm-none-eabi/lib/thumb/v7e-m/nofp/libc_nano.a(libc_a-dtoa.o)
                                 0x8f (size before relaxing)
 .rodata._Balloc.str1.1
                0x08009c45       0x59 /home/leandro/st/stm32cubeide_1.10.1/plugins/com.st.stm32cube.ide.mcu.externaltools.gnu-tools-for-stm32.12.3.rel1.linux64_1.0.200.202406132123/tools/bin/../lib/gcc/arm-none-eabi/12.3.1/../../../../arm-none-eabi/lib/thumb/v7e-m/nofp/libc_nano.a(libc_a-mprec.o)
                                 0x70 (size before relaxing)
 .rodata.__multadd.str1.1
                0x08009c9e       0x11 /home/leandro/st/stm32cubeide_1.10.1/plugins/com.st.stm32cube.ide.mcu.externaltools.gnu-tools-for-stm32.12.3.rel1.linux64_1.0.200.202406132123/tools/bin/../lib/gcc/arm-none-eabi/12.3.1/../../../../arm-none-eabi/lib/thumb/v7e-m/nofp/libc_nano.a(libc_a-mprec.o)
 *fill*         0x08009c9e        0x2 
 .rodata.p05.0  0x08009ca0        0xc /home/leandro/st/stm32cubeide_1.10.1/plugins/com.st.stm32cube.ide.mcu.externaltools.gnu-tools-for-stm32.12.3.rel1.linux64_1.0.200.202406132123/tools/bin/../lib/gcc/arm-none-eabi/12.3.1/../../../../arm-none-eabi/lib/thumb/v7e-m/nofp/libc_nano.a(libc_a-mprec.o)
 *fill*         0x08009cac        0x4 
 .rodata.__mprec_bigtens
                0x08009cb0       0x28 /home/leandro/st/stm32cubeide_1.10.1/plugins/com.st.stm32cube.ide.mcu.externaltools.gnu-tools-for-stm32.12.3.rel1.linux64_1.0.200.202406132123/tools/bin/../lib/gcc/arm-none-eabi/12.3.1/../../../../arm-none-eabi/lib/thumb/v7e-m/nofp/libc_nano.a(libc_a-mprec.o)
                0x08009cb0                __mprec_bigtens
 .rodata.__mprec_tens
                0x08009cd8       0xc8 /home/leandro/st/stm32cubeide_1.10.1/plugins/com.st.stm32cube.ide.mcu.externaltools.gnu-tools-for-stm32.12.3.rel1.linux64_1.0.200.202406132123/tools/bin/../lib/gcc/arm-none-eabi/12.3.1/../../../../arm-none-eabi/lib/thumb/v7e-m/nofp/libc_nano.a(libc_a-mprec.o)
                0x08009cd8                __mprec_tens
 .rodata._strtod_l.str1.1
                0x08009da0        0x2 /home/leandro/st/stm32cubeide_1.10.1/plugins/com.st.stm32cube.ide.mcu.externaltools.gnu-tools-for-stm32.12.3.rel1.linux64_1.0.200.202406132123/tools/bin/../lib/gcc/arm-none-eabi/12.3.1/../../../../arm-none-eabi/lib/thumb/v7e-m/nofp/libc_nano.a(libc_a-strtod.o)
                                  0xf (size before relaxing)
 *fill*         0x08009da2        0x2 
 .rodata.fpinan.0
                0x08009da4       0x14 /home/leandro/st/stm32cubeide_1.10.1/plugins/com.st.stm32cube.ide.mcu.externaltools.gnu-tools-for-stm32.12.3.rel1.linux64_1.0.200.202406132123/tools/bin/../lib/gcc/arm-none-eabi/12.3.1/../../../../arm-none-eabi/lib/thumb/v7e-m/nofp/libc_nano.a(libc_a-strtod.o)
 .rodata.fpi.1  0x08009db8       0x14 /home/leandro/st/stm32cubeide_1.10.1/plugins/com.st.stm32cube.ide.mcu.externaltools.gnu-tools-for-stm32.12.3.rel1.linux64_1.0.200.202406132123/tools/bin/../lib/gcc/arm-none-eabi/12.3.1/../../../../arm-none-eabi/lib/thumb/v7e-m/nofp/libc_nano.a(libc_a-strtod.o)
 *fill*         0x08009dcc        0x4 
 .rodata.tinytens
                0x08009dd0       0x28 /home/leandro/st/stm32cubeide_1.10.1/plugins/com.st.stm32cube.ide.mcu.externaltools.gnu-tools-for-stm32.12.3.rel1.linux64_1.0.200.202406132123/tools/bin/../lib/gcc/arm-none-eabi/12.3.1/../../../../arm-none-eabi/lib/thumb/v7e-m/nofp/libc_nano.a(libc_a-strtod.o)
 .rodata._ctype_
                0x08009df8      0x101 /home/leandro/st/stm32cubeide_1.10.1/plugins/com.st.stm32cube.ide.mcu.externaltools.gnu-tools-for-stm32.12.3.rel1.linux64_1.0.200.202406132123/tools/bin/../lib/gcc/arm-none-eabi/12.3.1/../../../../arm-none-eabi/lib/thumb/v7e-m/nofp/libc_nano.a(libc_a-ctype_.o)
                0x08009df8                _ctype_
 .rodata._svfprintf_r.str1.1
                0x08009ef9       0x11 /home/leandro/st/stm32cubeide_1.10.1/plugins/com.st.stm32cube.ide.mcu.externaltools.gnu-tools-for-stm32.12.3.rel1.linux64_1.0.200.202406132123/tools/bin/../lib/gcc/arm-none-eabi/12.3.1/../../../../arm-none-eabi/lib/thumb/v7e-m/nofp/libc_nano.a(libc_a-nano-svfprintf.o)
 .rodata._setlocale_r.str1.1
                0x08009f0a        0x8 /home/leandro/st/stm32cubeide_1.10.1/plugins/com.st.stm32cube.ide.mcu.externaltools.gnu-tools-for-stm32.12.3.rel1.linux64_1.0.200.202406132123/tools/bin/../lib/gcc/arm-none-eabi/12.3.1/../../../../arm-none-eabi/lib/thumb/v7e-m/nofp/libc_nano.a(libc_a-locale.o)
                                  0x9 (size before relaxing)
 .rodata.str1.1
                0x08009f12        0x2 /home/leandro/st/stm32cubeide_1.10.1/plugins/com.st.stm32cube.ide.mcu.externaltools.gnu-tools-for-stm32.12.3.rel1.linux64_1.0.200.202406132123/tools/bin/../lib/gcc/arm-none-eabi/12.3.1/../../../../arm-none-eabi/lib/thumb/v7e-m/nofp/libc_nano.a(libc_a-locale.o)
 .rodata.__assert_func.str1.1
                0x08009f12       0x3c /home/leandro/st/stm32cubeide_1.10.1/plugins/com.st.stm32cube.ide.mcu.externaltools.gnu-tools-for-stm32.12.3.rel1.linux64_1.0.200.202406132123/tools/bin/../lib/gcc/arm-none-eabi/12.3.1/../../../../arm-none-eabi/lib/thumb/v7e-m/nofp/libc_nano.a(libc_a-assert.o)
                                 0x3d (size before relaxing)
 .rodata.__gethex.str1.1
                0x08009f4e       0x60 /home/leandro/st/stm32cubeide_1.10.1/plugins/com.st.stm32cube.ide.mcu.externaltools.gnu-tools-for-stm32.12.3.rel1.linux64_1.0.200.202406132123/tools/bin/../lib/gcc/arm-none-eabi/12.3.1/../../../../arm-none-eabi/lib/thumb/v7e-m/nofp/libc_nano.a(libc_a-gdtoa-gethex.o)
                                 0x73 (size before relaxing)
 .rodata._vfprintf_r.str1.1
                0x08009fae       0x11 /home/leandro/st/stm32cubeide_1.10.1/plugins/com.st.stm32cube.ide.mcu.externaltools.gnu-tools-for-stm32.12.3.rel1.linux64_1.0.200.202406132123/tools/bin/../lib/gcc/arm-none-eabi/12.3.1/../../../../arm-none-eabi/lib/thumb/v7e-m/nofp/libc_nano.a(libc_a-nano-vfprintf.o)
                0x08009fc0                        . = ALIGN (0x4)
 *fill*         0x08009fae        0x2 

.ARM.extab      0x08009fb0        0x0
                0x08009fb0                        . = ALIGN (0x4)
 *(.ARM.extab* .gnu.linkonce.armextab.*)
                0x08009fb0                        . = ALIGN (0x4)

.ARM            0x08009fb0        0x8
                0x08009fb0                        . = ALIGN (0x4)
                0x08009fb0                        __exidx_start = .
 *(.ARM.exidx*)
 .ARM.exidx     0x08009fb0        0x8 /home/leandro/st/stm32cubeide_1.10.1/plugins/com.st.stm32cube.ide.mcu.externaltools.gnu-tools-for-stm32.12.3.rel1.linux64_1.0.200.202406132123/tools/bin/../lib/gcc/arm-none-eabi/12.3.1/../../../../arm-none-eabi/lib/thumb/v7e-m/nofp/libc_nano.a(libc_a-memchr.o)
 .ARM.exidx     0x08009fb8        0x0 /home/leandro/st/stm32cubeide_1.10.1/plugins/com.st.stm32cube.ide.mcu.externaltools.gnu-tools-for-stm32.12.3.rel1.linux64_1.0.200.202406132123/tools/bin/../lib/gcc/arm-none-eabi/12.3.1/../../../../arm-none-eabi/lib/thumb/v7e-m/nofp/libc_nano.a(libc_a-strlen.o)
                                  0x8 (size before relaxing)
                0x08009fb8                        __exidx_end = .
                0x08009fb8                        . = ALIGN (0x4)

.rel.dyn        0x08009fb8        0x0
 .rel.iplt      0x08009fb8        0x0 /home/leandro/st/stm32cubeide_1.10.1/plugins/com.st.stm32cube.ide.mcu.externaltools.gnu-tools-for-stm32.12.3.rel1.linux64_1.0.200.202406132123/tools/bin/../lib/gcc/arm-none-eabi/12.3.1/thumb/v7e-m/nofp/crtbegin.o

.preinit_array  0x08009fb8        0x0
                0x08009fb8                        . = ALIGN (0x4)
                0x08009fb8                        PROVIDE (__preinit_array_start = .)
 *(.preinit_array*)
                0x08009fb8                        PROVIDE (__preinit_array_end = .)
                0x08009fb8                        . = ALIGN (0x4)

.init_array     0x08009fb8        0x4
                0x08009fb8                        . = ALIGN (0x4)
                0x08009fb8                        PROVIDE (__init_array_start = .)
 *(SORT_BY_NAME(.init_array.*))
 *(.init_array*)
 .init_array    0x08009fb8        0x4 /home/leandro/st/stm32cubeide_1.10.1/plugins/com.st.stm32cube.ide.mcu.externaltools.gnu-tools-for-stm32.12.3.rel1.linux64_1.0.200.202406132123/tools/bin/../lib/gcc/arm-none-eabi/12.3.1/thumb/v7e-m/nofp/crtbegin.o
                0x08009fbc                        PROVIDE (__init_array_end = .)
                0x08009fbc                        . = ALIGN (0x4)

.fini_array     0x08009fbc        0x4
                0x08009fbc                        . = ALIGN (0x4)
                [!provide]                        PROVIDE (__fini_array_start = .)
 *(SORT_BY_NAME(.fini_array.*))
 *(.fini_array*)
 .fini_array    0x08009fbc        0x4 /home/leandro/st/stm32cubeide_1.10.1/plugins/com.st.stm32cube.ide.mcu.externaltools.gnu-tools-for-stm32.12.3.rel1.linux64_1.0.200.202406132123/tools/bin/../lib/gcc/arm-none-eabi/12.3.1/thumb/v7e-m/nofp/crtbegin.o
                [!provide]                        PROVIDE (__fini_array_end = .)
                0x08009fc0                        . = ALIGN (0x4)
                0x08009fc0                        _sidata = LOADADDR (.data)

.data           0x20000000      0x1c8 load address 0x08009fc0
                0x20000000                        . = ALIGN (0x4)
                0x20000000                        _sdata = .
 *(.data)
 *(.data*)
 .data.__sglue  0x20000000        0xc /home/leandro/st/stm32cubeide_1.10.1/plugins/com.st.stm32cube.ide.mcu.externaltools.gnu-tools-for-stm32.12.3.rel1.linux64_1.0.200.202406132123/tools/bin/../lib/gcc/arm-none-eabi/12.3.1/../../../../arm-none-eabi/lib/thumb/v7e-m/nofp/libc_nano.a(libc_a-findfp.o)
                0x20000000                __sglue
 .data._impure_ptr
                0x2000000c        0x4 /home/leandro/st/stm32cubeide_1.10.1/plugins/com.st.stm32cube.ide.mcu.externaltools.gnu-tools-for-stm32.12.3.rel1.linux64_1.0.200.202406132123/tools/bin/../lib/gcc/arm-none-eabi/12.3.1/../../../../arm-none-eabi/lib/thumb/v7e-m/nofp/libc_nano.a(libc_a-impure.o)
                0x2000000c                _impure_ptr
 .data._impure_data
                0x20000010       0x4c /home/leandro/st/stm32cubeide_1.10.1/plugins/com.st.stm32cube.ide.mcu.externaltools.gnu-tools-for-stm32.12.3.rel1.linux64_1.0.200.202406132123/tools/bin/../lib/gcc/arm-none-eabi/12.3.1/../../../../arm-none-eabi/lib/thumb/v7e-m/nofp/libc_nano.a(libc_a-impure.o)
                0x20000010                _impure_data
 .data.__global_locale
                0x2000005c      0x16c /home/leandro/st/stm32cubeide_1.10.1/plugins/com.st.stm32cube.ide.mcu.externaltools.gnu-tools-for-stm32.12.3.rel1.linux64_1.0.200.202406132123/tools/bin/../lib/gcc/arm-none-eabi/12.3.1/../../../../arm-none-eabi/lib/thumb/v7e-m/nofp/libc_nano.a(libc_a-locale.o)
                0x2000005c                __global_locale
 *(.RamFunc)
 *(.RamFunc*)
                0x200001c8                        . = ALIGN (0x4)
                0x200001c8                        _edata = .

.igot.plt       0x200001c8        0x0 load address 0x0800a188
 .igot.plt      0x200001c8        0x0 /home/leandro/st/stm32cubeide_1.10.1/plugins/com.st.stm32cube.ide.mcu.externaltools.gnu-tools-for-stm32.12.3.rel1.linux64_1.0.200.202406132123/tools/bin/../lib/gcc/arm-none-eabi/12.3.1/thumb/v7e-m/nofp/crtbegin.o
                0x200001c8                        . = ALIGN (0x4)

.bss            0x200001c8      0x3fc load address 0x0800a188
                0x200001c8                        _sbss = .
                0x200001c8                        __bss_start__ = _sbss
 *(.bss)
 .bss           0x200001c8       0x1c /home/leandro/st/stm32cubeide_1.10.1/plugins/com.st.stm32cube.ide.mcu.externaltools.gnu-tools-for-stm32.12.3.rel1.linux64_1.0.200.202406132123/tools/bin/../lib/gcc/arm-none-eabi/12.3.1/thumb/v7e-m/nofp/crtbegin.o
 *(.bss*)
 .bss.userLed   0x200001e4        0xc ./Src/main.o
                0x200001e4                userLed
 .bss.LedA      0x200001f0        0xc ./Src/main.o
                0x200001f0                LedA
 .bss.LedB      0x200001fc        0xc ./Src/main.o
                0x200001fc                LedB
 .bss.LedC      0x20000208        0xc ./Src/main.o
                0x20000208                LedC
 .bss.LedD      0x20000214        0xc ./Src/main.o
                0x20000214                LedD
 .bss.LedE      0x20000220        0xc ./Src/main.o
                0x20000220                LedE
 .bss.LedF      0x2000022c        0xc ./Src/main.o
                0x2000022c                LedF
 .bss.LedG      0x20000238        0xc ./Src/main.o
                0x20000238                LedG
 .bss.caso_transistor
                0x20000244        0x1 ./Src/main.o
                0x20000244                caso_transistor
 .bss.modo      0x20000245        0x1 ./Src/main.o
                0x20000245                modo
 .bss.flag_usart
                0x20000246        0x1 ./Src/main.o
                0x20000246                flag_usart
 .bss.flag_adc  0x20000247        0x1 ./Src/main.o
                0x20000247                flag_adc
 .bss.adcData   0x20000248        0x2 ./Src/main.o
                0x20000248                adcData
 .bss.datoTrimmer
                0x2000024a        0x2 ./Src/main.o
                0x2000024a                datoTrimmer
 .bss.datoFotoresistencia
                0x2000024c        0x2 ./Src/main.o
                0x2000024c                datoFotoresistencia
 .bss.flag_adc_conversion
                0x2000024e        0x1 ./Src/main.o
                0x2000024e                flag_adc_conversion
 .bss.sendMsg   0x2000024f        0x1 ./Src/main.o
                0x2000024f                sendMsg
 .bss.contador  0x20000250        0x2 ./Src/main.o
                0x20000250                contador
 .bss.changeModo
                0x20000252        0x1 ./Src/main.o
                0x20000252                changeModo
 .bss.flag_conteo
                0x20000253        0x1 ./Src/main.o
                0x20000253                flag_conteo
 .bss.exti_Data
                0x20000254        0x1 ./Src/main.o
                0x20000254                exti_Data
 .bss.flag_clock
                0x20000255        0x1 ./Src/main.o
                0x20000255                flag_clock
 .bss.exti_conteo
                0x20000256        0x2 ./Src/main.o
                0x20000256                exti_conteo
 .bss.usart_data
                0x20000258        0x1 ./Src/main.o
                0x20000258                usart_data
 *fill*         0x20000259        0x1 
 .bss.promedio  0x2000025a        0x2 ./Src/main.o
                0x2000025a                promedio
 .bss.subdivisiones
                0x2000025c        0x1 ./Src/main.o
                0x2000025c                subdivisiones
 *fill*         0x2000025d        0x1 
 .bss.siete_segmentos
                0x2000025e        0x2 ./Src/main.o
                0x2000025e                siete_segmentos
 .bss.unidades  0x20000260        0x1 ./Src/main.o
                0x20000260                unidades
 .bss.decenas   0x20000261        0x1 ./Src/main.o
                0x20000261                decenas
 .bss.centenas  0x20000262        0x1 ./Src/main.o
                0x20000262                centenas
 .bss.millares  0x20000263        0x1 ./Src/main.o
                0x20000263                millares
 .bss.pinClockc
                0x20000264        0x1 ./Src/main.o
                0x20000264                pinClockc
 *fill*         0x20000265        0x3 
 .bss.switcheoUnidades
                0x20000268        0xc ./Src/main.o
                0x20000268                switcheoUnidades
 .bss.switcheoDecenas
                0x20000274        0xc ./Src/main.o
                0x20000274                switcheoDecenas
 .bss.switcheoCentenas
                0x20000280        0xc ./Src/main.o
                0x20000280                switcheoCentenas
 .bss.switcheoMillares
                0x2000028c        0xc ./Src/main.o
                0x2000028c                switcheoMillares
 .bss.LedRed    0x20000298        0xc ./Src/main.o
                0x20000298                LedRed
 .bss.LedGreen  0x200002a4        0xc ./Src/main.o
                0x200002a4                LedGreen
 .bss.LedBlue   0x200002b0        0xc ./Src/main.o
                0x200002b0                LedBlue
 .bss.pinSW     0x200002bc        0xc ./Src/main.o
                0x200002bc                pinSW
 .bss.pinData   0x200002c8        0xc ./Src/main.o
                0x200002c8                pinData
 .bss.pinClock  0x200002d4        0xc ./Src/main.o
                0x200002d4                pinClock
 .bss.pinRX     0x200002e0        0xc ./Src/main.o
                0x200002e0                pinRX
 .bss.pinTX     0x200002ec        0xc ./Src/main.o
                0x200002ec                pinTX
 .bss.trimmer   0x200002f8        0x6 ./Src/main.o
                0x200002f8                trimmer
 *fill*         0x200002fe        0x2 
 .bss.fotoresistencia
                0x20000300        0x6 ./Src/main.o
                0x20000300                fotoresistencia
 *fill*         0x20000306        0x2 
 .bss.extiSW    0x20000308        0x8 ./Src/main.o
                0x20000308                extiSW
 .bss.extiClock
                0x20000310        0x8 ./Src/main.o
                0x20000310                extiClock
 .bss.bufferMsg
                0x20000318       0x80 ./Src/main.o
                0x20000318                bufferMsg
 .bss.contador_segundos
                0x20000398       0x10 ./Src/main.o
                0x20000398                contador_segundos
 .bss.blinkyTimer
                0x200003a8       0x10 ./Src/main.o
                0x200003a8                blinkyTimer
 .bss.display   0x200003b8       0x10 ./Src/main.o
                0x200003b8                display
 .bss.usart2    0x200003c8       0x90 ./Src/main.o
                0x200003c8                usart2
 .bss.display_flag
                0x20000458        0x1 ./Src/main.o
                0x20000458                display_flag
 *fill*         0x20000459        0x3 
 .bss.__sbrk_heap_end
                0x2000045c        0x4 ./Src/sysmem.o
 .bss.handlerADCPin
                0x20000460        0xc /home/leandro/Documentos/GitHub/TallerV-2024-2s-/PeripheralsDrivers/Debug/libPeripheralsDrivers.a(adc_driver_hal.o)
                0x20000460                handlerADCPin