/home/leandro/STM32CubeIDE/workspace_1.10.1/CMSIS-repo/STM32Cube_FW_F4_V1.27.0/Drivers/CMSIS/Include/core_cm4.h:1688:22:__NVIC_EnableIRQ	16	static
/home/leandro/STM32CubeIDE/workspace_1.10.1/CMSIS-repo/STM32Cube_FW_F4_V1.27.0/Drivers/CMSIS/Include/core_cm4.h:1724:22:__NVIC_DisableIRQ	16	static,ignoring_inline_asm
/home/leandro/STM32CubeIDE/workspace_1.10.1/CMSIS-repo/STM32Cube_FW_F4_V1.27.0/Drivers/CMSIS/Include/core_cm4.h:1816:22:__NVIC_SetPriority	16	static
../Src/adc_driver_hal.c:28:6:adc_ConfigSingleChannel	16	static,ignoring_inline_asm
../Src/adc_driver_hal.c:81:13:adc_enable_clock_peripheral	4	static
../Src/adc_driver_hal.c:89:13:adc_set_resolution	16	static
../Src/adc_driver_hal.c:118:13:adc_set_alignment	16	static
../Src/adc_driver_hal.c:136:13:adc_set_sampling_and_hold	16	static
../Src/adc_driver_hal.c:723:13:adc_one_channel_sequence	16	static
../Src/adc_driver_hal.c:803:13:adc_config_interrupt	16	static
../Src/adc_driver_hal.c:823:6:adc_peripheralOnOFF	16	static
../Src/adc_driver_hal.c:837:6:adc_ScanMode	16	static
../Src/adc_driver_hal.c:855:6:adc_StartSingleConv	4	static
../Src/adc_driver_hal.c:863:6:adc_StartContinuousConv	4	static
../Src/adc_driver_hal.c:867:6:adc_StopContinuousConv	4	static
../Src/adc_driver_hal.c:874:10:adc_GetValue	4	static
../Src/adc_driver_hal.c:883:6:ADC_IRQHandler	8	static
../Src/adc_driver_hal.c:890:28:adc_CompleteCallback	4	static,ignoring_inline_asm
../Src/adc_driver_hal.c:893:6:adc_ConfigAnalogPin	16	static
