../Src/i2c_driver_hal.c:42:6:i2c_Config	16	static
../Src/i2c_driver_hal.c:69:13:i2c_enable_clock_peripheral	16	static
../Src/i2c_driver_hal.c:84:13:i2c_set_main_clock	16	static
../Src/i2c_driver_hal.c:91:13:i2c_set_mode	16	static
../Src/i2c_driver_hal.c:122:13:i2c_enable_port	16	static
../Src/i2c_driver_hal.c:132:13:i2c_disable_port	16	static
../Src/i2c_driver_hal.c:141:13:i2c_soft_reset	16	static,ignoring_inline_asm
../Src/i2c_driver_hal.c:150:13:i2c_stop_signal	16	static
../Src/i2c_driver_hal.c:167:13:i2c_start_signal	24	static,ignoring_inline_asm
../Src/i2c_driver_hal.c:212:13:i2c_restart_signal	16	static
../Src/i2c_driver_hal.c:222:13:i2c_send_no_ack	16	static
../Src/i2c_driver_hal.c:232:13:i2c_send_ack	16	static
../Src/i2c_driver_hal.c:247:13:i2c_send_slave_address_rw	24	static,ignoring_inline_asm
../Src/i2c_driver_hal.c:279:13:i2c_send_byte	16	static,ignoring_inline_asm
../Src/i2c_driver_hal.c:294:6:i2c_send_memory_address	16	static
../Src/i2c_driver_hal.c:301:6:i2c_send_close_comm	16	static
../Src/i2c_driver_hal.c:315:9:i2c_read_byte	16	static,ignoring_inline_asm
../Src/i2c_driver_hal.c:330:9:i2c_ReadSingleRegister	24	static
../Src/i2c_driver_hal.c:362:9:i2c_ReadManyRegisters	24	static
../Src/i2c_driver_hal.c:404:6:i2c_WriteSingleRegisters	16	static
../Src/i2c_driver_hal.c:423:6:i2c_WriteManyRegisters	24	static
../Src/i2c_driver_hal.c:447:6:i2c_StartTransaction	16	static,ignoring_inline_asm
../Src/i2c_driver_hal.c:475:7:i2c_SendSlaveAddressRW	24	static,ignoring_inline_asm
../Src/i2c_driver_hal.c:509:7:i2c_SendMemoryAddress	16	static,ignoring_inline_asm
../Src/i2c_driver_hal.c:524:7:i2c_SendDataByte	16	static,ignoring_inline_asm
../Src/i2c_driver_hal.c:539:7:i2c_StopTransaction	16	static
../Src/i2c_driver_hal.c:543:7:i2c_WriteSingle	16	static
