../Src/i2c_driver_hal.c:43:6:i2c_Config	16	static
../Src/i2c_driver_hal.c:70:13:i2c_enable_clock_peripheral	16	static
../Src/i2c_driver_hal.c:85:13:i2c_set_main_clock	16	static
../Src/i2c_driver_hal.c:92:13:i2c_set_mode	16	static
../Src/i2c_driver_hal.c:123:13:i2c_enable_port	16	static
../Src/i2c_driver_hal.c:133:13:i2c_disable_port	16	static
../Src/i2c_driver_hal.c:142:13:i2c_soft_reset	16	static,ignoring_inline_asm
../Src/i2c_driver_hal.c:151:13:i2c_stop_signal	16	static
../Src/i2c_driver_hal.c:168:13:i2c_start_signal	24	static,ignoring_inline_asm
../Src/i2c_driver_hal.c:213:13:i2c_restart_signal	16	static
../Src/i2c_driver_hal.c:223:13:i2c_send_no_ack	16	static
../Src/i2c_driver_hal.c:233:13:i2c_send_ack	16	static
../Src/i2c_driver_hal.c:248:13:i2c_send_slave_address_rw	24	static,ignoring_inline_asm
../Src/i2c_driver_hal.c:280:13:i2c_send_byte	16	static,ignoring_inline_asm
../Src/i2c_driver_hal.c:295:6:i2c_send_memory_address	16	static
../Src/i2c_driver_hal.c:302:6:i2c_send_close_comm	16	static
../Src/i2c_driver_hal.c:316:9:i2c_read_byte	16	static,ignoring_inline_asm
../Src/i2c_driver_hal.c:331:9:i2c_ReadSingleRegister	24	static
../Src/i2c_driver_hal.c:363:9:i2c_ReadManyRegisters	24	static
../Src/i2c_driver_hal.c:405:6:i2c_WriteSingleRegisters	16	static
../Src/i2c_driver_hal.c:424:6:i2c_WriteManyRegisters	24	static
../Src/i2c_driver_hal.c:448:6:i2c_StartTransaction	16	static,ignoring_inline_asm
../Src/i2c_driver_hal.c:476:7:i2c_SendSlaveAddressRW	24	static,ignoring_inline_asm
../Src/i2c_driver_hal.c:510:7:i2c_SendMemoryAddress	16	static,ignoring_inline_asm
../Src/i2c_driver_hal.c:525:7:i2c_SendDataByte	16	static,ignoring_inline_asm
../Src/i2c_driver_hal.c:540:7:i2c_StopTransaction	16	static
