../Src/rtc_driver_hal.c:10:6:config_RTC	8	static,ignoring_inline_asm
../Src/rtc_driver_hal.c:81:9:decToBCD	24	static
../Src/rtc_driver_hal.c:88:5:BCDToDec	24	static
../Src/rtc_driver_hal.c:93:6:setSegundos	16	static
../Src/rtc_driver_hal.c:99:9:getSegundos	16	static
../Src/rtc_driver_hal.c:105:6:setHour	16	static
../Src/rtc_driver_hal.c:111:9:getHour	16	static
../Src/rtc_driver_hal.c:118:6:setMinutes	16	static
../Src/rtc_driver_hal.c:124:9:getMinutes	16	static
../Src/rtc_driver_hal.c:130:6:setDia	16	static
../Src/rtc_driver_hal.c:136:9:getDia	16	static
../Src/rtc_driver_hal.c:142:6:setMes	16	static
../Src/rtc_driver_hal.c:147:9:getMes	16	static
../Src/rtc_driver_hal.c:153:6:setYear	16	static
../Src/rtc_driver_hal.c:159:9:getYear	16	static
../Src/rtc_driver_hal.c:165:6:setDiaSemana	16	static
../Src/rtc_driver_hal.c:171:9:getDiaSemana	16	static
../Src/rtc_driver_hal.c:177:6:enableRTCChange	4	static,ignoring_inline_asm
../Src/rtc_driver_hal.c:192:6:disableRTCChange	4	static
