/home/leandro/STM32CubeIDE/workspace_1.10.1/CMSIS-repo/STM32Cube_FW_F4_V1.27.0/Drivers/CMSIS/Include/core_cm4.h:1688:22:__NVIC_EnableIRQ	16	static
/home/leandro/STM32CubeIDE/workspace_1.10.1/CMSIS-repo/STM32Cube_FW_F4_V1.27.0/Drivers/CMSIS/Include/core_cm4.h:1816:22:__NVIC_SetPriority	16	static
../Src/usart_driver_hal.c:31:6:usart_Config	16	static,ignoring_inline_asm
../Src/usart_driver_hal.c:83:13:usart_enable_clock_peripheral	16	static
../Src/usart_driver_hal.c:107:13:usart_config_parity	16	static
../Src/usart_driver_hal.c:136:13:usart_config_datasize	16	static
../Src/usart_driver_hal.c:161:13:usart_config_stopbits	16	static
../Src/usart_driver_hal.c:196:13:usart_config_baudrate	16	static
../Src/usart_driver_hal.c:257:13:usart_config_mode	16	static
../Src/usart_driver_hal.c:298:13:usart_config_interrupt	16	static
../Src/usart_driver_hal.c:351:13:usart_enable_peripheral	16	static
../Src/usart_driver_hal.c:360:5:usart_WriteChar	16	static,ignoring_inline_asm
../Src/usart_driver_hal.c:373:6:usart_writeMsg	24	static
../Src/usart_driver_hal.c:383:9:usart_getRxData	4	static
../Src/usart_driver_hal.c:390:6:USART2_IRQHandler	8	static
../Src/usart_driver_hal.c:401:6:USART6_IRQHandler	8	static
../Src/usart_driver_hal.c:411:6:USART1_IRQHandler	8	static
../Src/usart_driver_hal.c:419:28:usart1_RxCallback	4	static,ignoring_inline_asm
../Src/usart_driver_hal.c:426:28:usart2_RxCallback	4	static,ignoring_inline_asm
../Src/usart_driver_hal.c:433:28:usart6_RxCallback	4	static,ignoring_inline_asm
