/home/leandro/STM32CubeIDE/workspace_1.10.1/CMSIS-repo/STM32Cube_FW_F4_V1.27.0/Drivers/CMSIS/Include/core_cm4.h:1688:22:__NVIC_EnableIRQ	16	static
/home/leandro/STM32CubeIDE/workspace_1.10.1/CMSIS-repo/STM32Cube_FW_F4_V1.27.0/Drivers/CMSIS/Include/core_cm4.h:1816:22:__NVIC_SetPriority	16	static
../Src/usart_driver_hal.c:37:6:usart_Config	16	static,ignoring_inline_asm
../Src/usart_driver_hal.c:89:13:usart_enable_clock_peripheral	16	static
../Src/usart_driver_hal.c:113:13:usart_config_parity	16	static
../Src/usart_driver_hal.c:142:13:usart_config_datasize	16	static
../Src/usart_driver_hal.c:167:13:usart_config_stopbits	16	static
../Src/usart_driver_hal.c:202:13:usart_config_baudrate	24	static
../Src/usart_driver_hal.c:294:13:usart_config_mode	16	static
../Src/usart_driver_hal.c:335:13:usart_config_interrupt	16	static
../Src/usart_driver_hal.c:388:13:usart_enable_peripheral	16	static
../Src/usart_driver_hal.c:397:5:usart_WriteChar	16	static,ignoring_inline_asm
../Src/usart_driver_hal.c:410:6:usart_writeMsg	24	static
../Src/usart_driver_hal.c:420:9:usart_getRxData	16	static
../Src/usart_driver_hal.c:439:6:USART2_IRQHandler	8	static
../Src/usart_driver_hal.c:450:6:USART6_IRQHandler	8	static
../Src/usart_driver_hal.c:460:6:USART1_IRQHandler	8	static
../Src/usart_driver_hal.c:468:28:usart1_RxCallback	4	static,ignoring_inline_asm
../Src/usart_driver_hal.c:475:28:usart2_RxCallback	4	static,ignoring_inline_asm
../Src/usart_driver_hal.c:482:28:usart6_RxCallback	4	static,ignoring_inline_asm
